17:24:45 **** Incremental Build of configuration Debug for project tetris ****
make pre-build main-build 
a9-linaro-pre-build-step
' '
make: Nothing to be done for 'main-build'.
17:24:50 **** Incremental Build of configuration Debug for project tetris ****
make pre-build main-build 
a9-linaro-pre-build-step
' '
make: Nothing to be done for 'main-build'.
17:26:08 **** Incremental Build of configuration Debug for project tetris ****
make pre-build main-build 
a9-linaro-pre-build-step
' '
make: Nothing to be done for 'main-build'.
17:30:24 **** Build of project test_bsp ****
make -k all 
"Running Make include in ps7_cortexa9_0/libsrc/coresightps_dcc_v1_5/src"
make -C ps7_cortexa9_0/libsrc/coresightps_dcc_v1_5/src -s include  "SHELL=CMD" "COMPILER=arm-none-eabi-gcc" "ARCHIVER=arm-none-eabi-ar" "COMPILER_FLAGS=  -O2 -c" "EXTRA_COMPILER_FLAGS=-mcpu=cortex-a9 -mfpu=vfpv3 -mfloat-abi=hard -nostartfiles -g -Wall -Wextra"
"Running Make include in ps7_cortexa9_0/libsrc/cpu_cortexa9_v2_7/src"
make -C ps7_cortexa9_0/libsrc/cpu_cortexa9_v2_7/src -s include  "SHELL=CMD" "COMPILER=arm-none-eabi-gcc" "ARCHIVER=arm-none-eabi-ar" "COMPILER_FLAGS=  -O2 -c" "EXTRA_COMPILER_FLAGS=-mcpu=cortex-a9 -mfpu=vfpv3 -mfloat-abi=hard -nostartfiles -g -Wall -Wextra"
"Running Make include in ps7_cortexa9_0/libsrc/devcfg_v3_5/src"
make -C ps7_cortexa9_0/libsrc/devcfg_v3_5/src -s include  "SHELL=CMD" "COMPILER=arm-none-eabi-gcc" "ARCHIVER=arm-none-eabi-ar" "COMPILER_FLAGS=  -O2 -c" "EXTRA_COMPILER_FLAGS=-mcpu=cortex-a9 -mfpu=vfpv3 -mfloat-abi=hard -nostartfiles -g -Wall -Wextra"
"Running Make include in ps7_cortexa9_0/libsrc/dmaps_v2_4/src"
make -C ps7_cortexa9_0/libsrc/dmaps_v2_4/src -s include  "SHELL=CMD" "COMPILER=arm-none-eabi-gcc" "ARCHIVER=arm-none-eabi-ar" "COMPILER_FLAGS=  -O2 -c" "EXTRA_COMPILER_FLAGS=-mcpu=cortex-a9 -mfpu=vfpv3 -mfloat-abi=hard -nostartfiles -g -Wall -Wextra"
"Running Make include in ps7_cortexa9_0/libsrc/pushbutton_v1_0/src"
make -C ps7_cortexa9_0/libsrc/pushbutton_v1_0/src -s include  "SHELL=CMD" "COMPILER=arm-none-eabi-gcc" "ARCHIVER=arm-none-eabi-ar" "COMPILER_FLAGS=  -O2 -c" "EXTRA_COMPILER_FLAGS=-mcpu=cortex-a9 -mfpu=vfpv3 -mfloat-abi=hard -nostartfiles -g -Wall -Wextra"
"Running Make include in ps7_cortexa9_0/libsrc/scugic_v4_0/src"
make -C ps7_cortexa9_0/libsrc/scugic_v4_0/src -s include  "SHELL=CMD" "COMPILER=arm-none-eabi-gcc" "ARCHIVER=arm-none-eabi-ar" "COMPILER_FLAGS=  -O2 -c" "EXTRA_COMPILER_FLAGS=-mcpu=cortex-a9 -mfpu=vfpv3 -mfloat-abi=hard -nostartfiles -g -Wall -Wextra"
"Running Make include in ps7_cortexa9_0/libsrc/scutimer_v2_1/src"
make -C ps7_cortexa9_0/libsrc/scutimer_v2_1/src -s include  "SHELL=CMD" "COMPILER=arm-none-eabi-gcc" "ARCHIVER=arm-none-eabi-ar" "COMPILER_FLAGS=  -O2 -c" "EXTRA_COMPILER_FLAGS=-mcpu=cortex-a9 -mfpu=vfpv3 -mfloat-abi=hard -nostartfiles -g -Wall -Wextra"
"Running Make include in ps7_cortexa9_0/libsrc/scuwdt_v2_1/src"
make -C ps7_cortexa9_0/libsrc/scuwdt_v2_1/src -s include  "SHELL=CMD" "COMPILER=arm-none-eabi-gcc" "ARCHIVER=arm-none-eabi-ar" "COMPILER_FLAGS=  -O2 -c" "EXTRA_COMPILER_FLAGS=-mcpu=cortex-a9 -mfpu=vfpv3 -mfloat-abi=hard -nostartfiles -g -Wall -Wextra"
"Running Make include in ps7_cortexa9_0/libsrc/seven_seg_v1_0/src"
make -C ps7_cortexa9_0/libsrc/seven_seg_v1_0/src -s include  "SHELL=CMD" "COMPILER=arm-none-eabi-gcc" "ARCHIVER=arm-none-eabi-ar" "COMPILER_FLAGS=  -O2 -c" "EXTRA_COMPILER_FLAGS=-mcpu=cortex-a9 -mfpu=vfpv3 -mfloat-abi=hard -nostartfiles -g -Wall -Wextra"
"Running Make include in ps7_cortexa9_0/libsrc/standalone_v7_0/src"
make -C ps7_cortexa9_0/libsrc/standalone_v7_0/src -s include  "SHELL=CMD" "COMPILER=arm-none-eabi-gcc" "ARCHIVER=arm-none-eabi-ar" "COMPILER_FLAGS=  -O2 -c" "EXTRA_COMPILER_FLAGS=-mcpu=cortex-a9 -mfpu=vfpv3 -mfloat-abi=hard -nostartfiles -g -Wall -Wextra"
"Running Make include in ps7_cortexa9_0/libsrc/textlcd_v1_0/src"
make -C ps7_cortexa9_0/libsrc/textlcd_v1_0/src -s include  "SHELL=CMD" "COMPILER=arm-none-eabi-gcc" "ARCHIVER=arm-none-eabi-ar" "COMPILER_FLAGS=  -O2 -c" "EXTRA_COMPILER_FLAGS=-mcpu=cortex-a9 -mfpu=vfpv3 -mfloat-abi=hard -nostartfiles -g -Wall -Wextra"
"Running Make include in ps7_cortexa9_0/libsrc/TFTLCD_NEW_v1_0/src"
make -C ps7_cortexa9_0/libsrc/TFTLCD_NEW_v1_0/src -s include  "SHELL=CMD" "COMPILER=arm-none-eabi-gcc" "ARCHIVER=arm-none-eabi-ar" "COMPILER_FLAGS=  -O2 -c" "EXTRA_COMPILER_FLAGS=-mcpu=cortex-a9 -mfpu=vfpv3 -mfloat-abi=hard -nostartfiles -g -Wall -Wextra"
"Running Make include in ps7_cortexa9_0/libsrc/xadcps_v2_3/src"
make -C ps7_cortexa9_0/libsrc/xadcps_v2_3/src -s include  "SHELL=CMD" "COMPILER=arm-none-eabi-gcc" "ARCHIVER=arm-none-eabi-ar" "COMPILER_FLAGS=  -O2 -c" "EXTRA_COMPILER_FLAGS=-mcpu=cortex-a9 -mfpu=vfpv3 -mfloat-abi=hard -nostartfiles -g -Wall -Wextra"
"Running Make libs in ps7_cortexa9_0/libsrc/coresightps_dcc_v1_5/src"
make -C ps7_cortexa9_0/libsrc/coresightps_dcc_v1_5/src -s libs  "SHELL=CMD" "COMPILER=arm-none-eabi-gcc" "ARCHIVER=arm-none-eabi-ar" "COMPILER_FLAGS=  -O2 -c" "EXTRA_COMPILER_FLAGS=-mcpu=cortex-a9 -mfpu=vfpv3 -mfloat-abi=hard -nostartfiles -g -Wall -Wextra"
"Compiling coresightps_dcc"
arm-none-eabi-ar: creating ../../../lib/libxil.a
"Running Make libs in ps7_cortexa9_0/libsrc/cpu_cortexa9_v2_7/src"
make -C ps7_cortexa9_0/libsrc/cpu_cortexa9_v2_7/src -s libs  "SHELL=CMD" "COMPILER=arm-none-eabi-gcc" "ARCHIVER=arm-none-eabi-ar" "COMPILER_FLAGS=  -O2 -c" "EXTRA_COMPILER_FLAGS=-mcpu=cortex-a9 -mfpu=vfpv3 -mfloat-abi=hard -nostartfiles -g -Wall -Wextra"
"Compiling cpu_cortexa9"
"Running Make libs in ps7_cortexa9_0/libsrc/devcfg_v3_5/src"
make -C ps7_cortexa9_0/libsrc/devcfg_v3_5/src -s libs  "SHELL=CMD" "COMPILER=arm-none-eabi-gcc" "ARCHIVER=arm-none-eabi-ar" "COMPILER_FLAGS=  -O2 -c" "EXTRA_COMPILER_FLAGS=-mcpu=cortex-a9 -mfpu=vfpv3 -mfloat-abi=hard -nostartfiles -g -Wall -Wextra"
"Compiling devcfg"
"Running Make libs in ps7_cortexa9_0/libsrc/dmaps_v2_4/src"
make -C ps7_cortexa9_0/libsrc/dmaps_v2_4/src -s libs  "SHELL=CMD" "COMPILER=arm-none-eabi-gcc" "ARCHIVER=arm-none-eabi-ar" "COMPILER_FLAGS=  -O2 -c" "EXTRA_COMPILER_FLAGS=-mcpu=cortex-a9 -mfpu=vfpv3 -mfloat-abi=hard -nostartfiles -g -Wall -Wextra"
"Compiling dmaps"
"Running Make libs in ps7_cortexa9_0/libsrc/pushbutton_v1_0/src"
make -C ps7_cortexa9_0/libsrc/pushbutton_v1_0/src -s libs  "SHELL=CMD" "COMPILER=arm-none-eabi-gcc" "ARCHIVER=arm-none-eabi-ar" "COMPILER_FLAGS=  -O2 -c" "EXTRA_COMPILER_FLAGS=-mcpu=cortex-a9 -mfpu=vfpv3 -mfloat-abi=hard -nostartfiles -g -Wall -Wextra"
"Compiling pushbutton..."
pushbutton_selftest.c: In function 'PUSHBUTTON_Reg_SelfTest':
pushbutton_selftest.c:52:59: warning: comparison of integer expressions of different signedness: 'u32' {aka 'long unsigned int'} and 'int' [-Wsign-compare]
    if ( PUSHBUTTON_mReadReg (baseaddr, read_loop_index*4) != (read_loop_index+1)*READ_WRITE_MUL_FACTOR){
                                                           ^~
pushbutton_selftest.c:36:6: warning: unused variable 'Index' [-Wunused-variable]
  int Index;
      ^~~~~
"Running Make libs in ps7_cortexa9_0/libsrc/scugic_v4_0/src"
make -C ps7_cortexa9_0/libsrc/scugic_v4_0/src -s libs  "SHELL=CMD" "COMPILER=arm-none-eabi-gcc" "ARCHIVER=arm-none-eabi-ar" "COMPILER_FLAGS=  -O2 -c" "EXTRA_COMPILER_FLAGS=-mcpu=cortex-a9 -mfpu=vfpv3 -mfloat-abi=hard -nostartfiles -g -Wall -Wextra"
"Compiling scugic"
"Running Make libs in ps7_cortexa9_0/libsrc/scutimer_v2_1/src"
make -C ps7_cortexa9_0/libsrc/scutimer_v2_1/src -s libs  "SHELL=CMD" "COMPILER=arm-none-eabi-gcc" "ARCHIVER=arm-none-eabi-ar" "COMPILER_FLAGS=  -O2 -c" "EXTRA_COMPILER_FLAGS=-mcpu=cortex-a9 -mfpu=vfpv3 -mfloat-abi=hard -nostartfiles -g -Wall -Wextra"
"Compiling scutimer"
"Running Make libs in ps7_cortexa9_0/libsrc/scuwdt_v2_1/src"
make -C ps7_cortexa9_0/libsrc/scuwdt_v2_1/src -s libs  "SHELL=CMD" "COMPILER=arm-none-eabi-gcc" "ARCHIVER=arm-none-eabi-ar" "COMPILER_FLAGS=  -O2 -c" "EXTRA_COMPILER_FLAGS=-mcpu=cortex-a9 -mfpu=vfpv3 -mfloat-abi=hard -nostartfiles -g -Wall -Wextra"
"Compiling scuwdt"
"Running Make libs in ps7_cortexa9_0/libsrc/seven_seg_v1_0/src"
make -C ps7_cortexa9_0/libsrc/seven_seg_v1_0/src -s libs  "SHELL=CMD" "COMPILER=arm-none-eabi-gcc" "ARCHIVER=arm-none-eabi-ar" "COMPILER_FLAGS=  -O2 -c" "EXTRA_COMPILER_FLAGS=-mcpu=cortex-a9 -mfpu=vfpv3 -mfloat-abi=hard -nostartfiles -g -Wall -Wextra"
"Compiling seven_seg..."
seven_seg_selftest.c: In function 'SEVEN_SEG_Reg_SelfTest':
seven_seg_selftest.c:52:58: warning: comparison of integer expressions of different signedness: 'u32' {aka 'long unsigned int'} and 'int' [-Wsign-compare]
    if ( SEVEN_SEG_mReadReg (baseaddr, read_loop_index*4) != (read_loop_index+1)*READ_WRITE_MUL_FACTOR){
                                                          ^~
seven_seg_selftest.c:36:6: warning: unused variable 'Index' [-Wunused-variable]
  int Index;
      ^~~~~
"Running Make libs in ps7_cortexa9_0/libsrc/standalone_v7_0/src"
make -C ps7_cortexa9_0/libsrc/standalone_v7_0/src -s libs  "SHELL=CMD" "COMPILER=arm-none-eabi-gcc" "ARCHIVER=arm-none-eabi-ar" "COMPILER_FLAGS=  -O2 -c" "EXTRA_COMPILER_FLAGS=-mcpu=cortex-a9 -mfpu=vfpv3 -mfloat-abi=hard -nostartfiles -g -Wall -Wextra"
"Compiling standalone"
In file included from usleep.c:56:
xtime_l.h:87:9: note: #pragma message: For the sleep routines, Global timer is being used
 #pragma message ("For the sleep routines, Global timer is being used")
         ^~~~~~~
In file included from xil_sleeptimer.c:51:
xtime_l.h:87:9: note: #pragma message: For the sleep routines, Global timer is being used
 #pragma message ("For the sleep routines, Global timer is being used")
         ^~~~~~~
In file included from xtime_l.c:49:
xtime_l.h:87:9: note: #pragma message: For the sleep routines, Global timer is being used
 #pragma message ("For the sleep routines, Global timer is being used")
         ^~~~~~~
In file included from sleep.c:53:
xtime_l.h:87:9: note: #pragma message: For the sleep routines, Global timer is being used
 #pragma message ("For the sleep routines, Global timer is being used")
         ^~~~~~~
"Running Make libs in ps7_cortexa9_0/libsrc/textlcd_v1_0/src"
make -C ps7_cortexa9_0/libsrc/textlcd_v1_0/src -s libs  "SHELL=CMD" "COMPILER=arm-none-eabi-gcc" "ARCHIVER=arm-none-eabi-ar" "COMPILER_FLAGS=  -O2 -c" "EXTRA_COMPILER_FLAGS=-mcpu=cortex-a9 -mfpu=vfpv3 -mfloat-abi=hard -nostartfiles -g -Wall -Wextra"
"Compiling textlcd..."
textlcd_selftest.c: In function 'TEXTLCD_Reg_SelfTest':
textlcd_selftest.c:52:56: warning: comparison of integer expressions of different signedness: 'u32' {aka 'long unsigned int'} and 'int' [-Wsign-compare]
    if ( TEXTLCD_mReadReg (baseaddr, read_loop_index*4) != (read_loop_index+1)*READ_WRITE_MUL_FACTOR){
                                                        ^~
textlcd_selftest.c:36:6: warning: unused variable 'Index' [-Wunused-variable]
  int Index;
      ^~~~~
"Running Make libs in ps7_cortexa9_0/libsrc/TFTLCD_NEW_v1_0/src"
make -C ps7_cortexa9_0/libsrc/TFTLCD_NEW_v1_0/src -s libs  "SHELL=CMD" "COMPILER=arm-none-eabi-gcc" "ARCHIVER=arm-none-eabi-ar" "COMPILER_FLAGS=  -O2 -c" "EXTRA_COMPILER_FLAGS=-mcpu=cortex-a9 -mfpu=vfpv3 -mfloat-abi=hard -nostartfiles -g -Wall -Wextra"
"Compiling TFTLCD_NEW..."
TFTLCD_NEW_selftest.c: In function 'TFTLCD_NEW_Reg_SelfTest':
TFTLCD_NEW_selftest.c:52:59: warning: comparison of integer expressions of different signedness: 'u32' {aka 'long unsigned int'} and 'int' [-Wsign-compare]
    if ( TFTLCD_NEW_mReadReg (baseaddr, read_loop_index*4) != (read_loop_index+1)*READ_WRITE_MUL_FACTOR){
                                                           ^~
TFTLCD_NEW_selftest.c:36:6: warning: unused variable 'Index' [-Wunused-variable]
  int Index;
      ^~~~~
"Running Make libs in ps7_cortexa9_0/libsrc/xadcps_v2_3/src"
make -C ps7_cortexa9_0/libsrc/xadcps_v2_3/src -s libs  "SHELL=CMD" "COMPILER=arm-none-eabi-gcc" "ARCHIVER=arm-none-eabi-ar" "COMPILER_FLAGS=  -O2 -c" "EXTRA_COMPILER_FLAGS=-mcpu=cortex-a9 -mfpu=vfpv3 -mfloat-abi=hard -nostartfiles -g -Wall -Wextra"
"Compiling xadcps"
'Finished building libraries'

**** Build of configuration Debug for project test ****

Nothing to build for project test

****  of configuration Debug for project test ****

Nothing to build for project test
17:31:24 **** Auto Build of configuration Debug for project test ****
make pre-build main-build 
a9-linaro-pre-build-step
' '
'Building file: ../src/main.c'
'Invoking: ARM v7 gcc compiler'
arm-none-eabi-gcc -Wall -O0 -g3 -c -fmessage-length=0 -MT"src/main.o" -mcpu=cortex-a9 -mfpu=vfpv3 -mfloat-abi=hard -I../../test_bsp/ps7_cortexa9_0/include -MMD -MP -MF"src/main.d" -MT"src/main.o" -o "src/main.o" "../src/main.c"
'Finished building: ../src/main.c'
' '
'Building target: test.elf'
'Invoking: ARM v7 gcc linker'
arm-none-eabi-gcc -mcpu=cortex-a9 -mfpu=vfpv3 -mfloat-abi=hard -Wl,-build-id=none -specs=Xilinx.spec -Wl,-T -Wl,../src/lscript.ld -L../../test_bsp/ps7_cortexa9_0/lib -o "test.elf"  ./src/main.o   -Wl,--start-group,-lxil,-lgcc,-lc,--end-group
c:/xilinx/sdk/2019.1/gnu/aarch32/nt/gcc-arm-none-eabi/bin/../lib/gcc/arm-none-eabi/8.2.0/../../../../arm-none-eabi/bin/ld.exe: ../../test_bsp/ps7_cortexa9_0/lib\libxil.a(xil-crt0.o): in function `_start':
D:\hyun\soc_proj\tetris\tetris.sdk\test_bsp\ps7_cortexa9_0\libsrc\standalone_v7_0\src/xil-crt0.S:138: undefined reference to `main'
collect2.exe: error: ld returned 1 exit status
make: *** [makefile:41: test.elf] Error 1
17:31:41 **** Auto Build of configuration Debug for project test ****
make pre-build main-build 
a9-linaro-pre-build-step
' '
'Building file: ../src/main.c'
'Invoking: ARM v7 gcc compiler'
arm-none-eabi-gcc -Wall -O0 -g3 -c -fmessage-length=0 -MT"src/main.o" -mcpu=cortex-a9 -mfpu=vfpv3 -mfloat-abi=hard -I../../test_bsp/ps7_cortexa9_0/include -MMD -MP -MF"src/main.d" -MT"src/main.o" -o "src/main.o" "../src/main.c"
'Finished building: ../src/main.c'
' '
'Building target: test.elf'
'Invoking: ARM v7 gcc linker'
arm-none-eabi-gcc -mcpu=cortex-a9 -mfpu=vfpv3 -mfloat-abi=hard -Wl,-build-id=none -specs=Xilinx.spec -Wl,-T -Wl,../src/lscript.ld -L../../test_bsp/ps7_cortexa9_0/lib -o "test.elf"  ./src/main.o   -Wl,--start-group,-lxil,-lgcc,-lc,--end-group
'Finished building target: test.elf'
' '
'Invoking: ARM v7 Print Size'
arm-none-eabi-size test.elf  |tee "test.elf.size"
   text	   data	    bss	    dec	    hex	filename
  33044	   2320	  23288	  58652	   e51c	test.elf
'Finished building: test.elf.size'
' '
17:32:05 **** Incremental Build of configuration Debug for project tetris ****
make pre-build main-build 
a9-linaro-pre-build-step
' '
make: Nothing to be done for 'main-build'.
17:33:03 **** Incremental Build of configuration Debug for project test ****
make pre-build main-build 
a9-linaro-pre-build-step
' '
make: Nothing to be done for 'main-build'.
17:37:52 **** Incremental Build of configuration Debug for project test ****
make pre-build main-build 
a9-linaro-pre-build-step
' '
make: Nothing to be done for 'main-build'.
17:39:15 **** Incremental Build of configuration Debug for project tetris ****
make pre-build main-build 
a9-linaro-pre-build-step
' '
make: Nothing to be done for 'main-build'.
17:40:46 **** Auto Build of configuration Debug for project tetris ****
make pre-build main-build 
a9-linaro-pre-build-step
' '
'Building file: ../src/tetris_sdk.c'
'Invoking: ARM v7 gcc compiler'
arm-none-eabi-gcc -Wall -O0 -g3 -c -fmessage-length=0 -MT"src/tetris_sdk.o" -mcpu=cortex-a9 -mfpu=vfpv3 -mfloat-abi=hard -I../../tetris_bsp/ps7_cortexa9_0/include -MMD -MP -MF"src/tetris_sdk.d" -MT"src/tetris_sdk.o" -o "src/tetris_sdk.o" "../src/tetris_sdk.c"
In file included from ../src/tetris_sdk.c:9:
../../tetris_bsp/ps7_cortexa9_0/include/xtime_l.h:87:9: note: #pragma message: For the sleep routines, Global timer is being used
 #pragma message ("For the sleep routines, Global timer is being used")
         ^~~~~~~
../src/tetris_sdk.c: In function 'setBlock':
../src/tetris_sdk.c:142:19: warning: passing argument 1 of 'XTime_GetTime' makes pointer from integer without a cast [-Wint-conversion]
     XTime_GetTime(seed);
                   ^~~~
In file included from ../src/tetris_sdk.c:9:
../../tetris_bsp/ps7_cortexa9_0/include/xtime_l.h:95:27: note: expected 'XTime *' {aka 'long long unsigned int *'} but argument is of type 'XTime' {aka 'long long unsigned int'}
 void XTime_GetTime(XTime *Xtime_Global);
                    ~~~~~~~^~~~~~~~~~~~
../src/tetris_sdk.c: In function 'checkLine':
../src/tetris_sdk.c:404:21: warning: unused variable 'count' [-Wunused-variable]
     int h, w, full, count =0;
                     ^~~~~
../src/tetris_sdk.c: In function 'mapMerger':
../src/tetris_sdk.c:430:11: warning: assignment to 'MData (*)[10]' {aka 'char (*)[10]'} from 'int' makes pointer from integer without a cast [-Wint-conversion]
    tftmap = map[h][w] | blockShape[curLoc->Y + h][curLoc->X + w];
           ^
../src/tetris_sdk.c: In function 'ServiceRoutine':
../src/tetris_sdk.c:581:18: warning: statement with no effect [-Wunused-value]
     mode_current == READY;
                  ^
../src/tetris_sdk.c: In function 'fixShape':
../src/tetris_sdk.c:305:1: warning: control reaches end of non-void function [-Wreturn-type]
 }
 ^
../src/tetris_sdk.c: In function 'setBlock':
../src/tetris_sdk.c:142:5: warning: 'seed' is used uninitialized in this function [-Wuninitialized]
     XTime_GetTime(seed);
     ^~~~~~~~~~~~~~~~~~~
'Finished building: ../src/tetris_sdk.c'
' '
'Building target: tetris.elf'
'Invoking: ARM v7 gcc linker'
arm-none-eabi-gcc -mcpu=cortex-a9 -mfpu=vfpv3 -mfloat-abi=hard -Wl,-build-id=none -specs=Xilinx.spec -Wl,-T -Wl,../src/lscript.ld -L../../tetris_bsp/ps7_cortexa9_0/lib -o "tetris.elf"  ./src/tetris_sdk.o   -Wl,--start-group,-lxil,-lgcc,-lc,--end-group
'Finished building target: tetris.elf'
' '
'Invoking: ARM v7 Print Size'
arm-none-eabi-size tetris.elf  |tee "tetris.elf.size"
   text	   data	    bss	    dec	    hex	filename
  42344	   2320	  23848	  68512	  10ba0	tetris.elf
'Finished building: tetris.elf.size'
' '
17:40:59 **** Auto Build of configuration Debug for project tetris ****
make pre-build main-build 
a9-linaro-pre-build-step
' '
'Building file: ../src/tetris_sdk.c'
'Invoking: ARM v7 gcc compiler'
arm-none-eabi-gcc -Wall -O0 -g3 -c -fmessage-length=0 -MT"src/tetris_sdk.o" -mcpu=cortex-a9 -mfpu=vfpv3 -mfloat-abi=hard -I../../tetris_bsp/ps7_cortexa9_0/include -MMD -MP -MF"src/tetris_sdk.d" -MT"src/tetris_sdk.o" -o "src/tetris_sdk.o" "../src/tetris_sdk.c"
In file included from ../src/tetris_sdk.c:9:
../../tetris_bsp/ps7_cortexa9_0/include/xtime_l.h:87:9: note: #pragma message: For the sleep routines, Global timer is being used
 #pragma message ("For the sleep routines, Global timer is being used")
         ^~~~~~~
../src/tetris_sdk.c: In function 'setBlock':
../src/tetris_sdk.c:142:19: warning: passing argument 1 of 'XTime_GetTime' makes pointer from integer without a cast [-Wint-conversion]
     XTime_GetTime(seed);
                   ^~~~
In file included from ../src/tetris_sdk.c:9:
../../tetris_bsp/ps7_cortexa9_0/include/xtime_l.h:95:27: note: expected 'XTime *' {aka 'long long unsigned int *'} but argument is of type 'XTime' {aka 'long long unsigned int'}
 void XTime_GetTime(XTime *Xtime_Global);
                    ~~~~~~~^~~~~~~~~~~~
../src/tetris_sdk.c: In function 'checkLine':
../src/tetris_sdk.c:404:21: warning: unused variable 'count' [-Wunused-variable]
     int h, w, full, count =0;
                     ^~~~~
../src/tetris_sdk.c: In function 'mapMerger':
../src/tetris_sdk.c:430:11: warning: assignment to 'MData (*)[10]' {aka 'char (*)[10]'} from 'int' makes pointer from integer without a cast [-Wint-conversion]
    tftmap = map[h][w] | blockShape[curLoc->Y + h][curLoc->X + w];
           ^
../src/tetris_sdk.c: In function 'ServiceRoutine':
../src/tetris_sdk.c:581:18: warning: statement with no effect [-Wunused-value]
     mode_current == READY;
                  ^
../src/tetris_sdk.c: In function 'fixShape':
../src/tetris_sdk.c:305:1: warning: control reaches end of non-void function [-Wreturn-type]
 }
 ^
../src/tetris_sdk.c: In function 'setBlock':
../src/tetris_sdk.c:142:5: warning: 'seed' is used uninitialized in this function [-Wuninitialized]
     XTime_GetTime(seed);
     ^~~~~~~~~~~~~~~~~~~
'Finished building: ../src/tetris_sdk.c'
' '
'Building target: tetris.elf'
'Invoking: ARM v7 gcc linker'
arm-none-eabi-gcc -mcpu=cortex-a9 -mfpu=vfpv3 -mfloat-abi=hard -Wl,-build-id=none -specs=Xilinx.spec -Wl,-T -Wl,../src/lscript.ld -L../../tetris_bsp/ps7_cortexa9_0/lib -o "tetris.elf"  ./src/tetris_sdk.o   -Wl,--start-group,-lxil,-lgcc,-lc,--end-group
'Finished building target: tetris.elf'
' '
'Invoking: ARM v7 Print Size'
arm-none-eabi-size tetris.elf  |tee "tetris.elf.size"
   text	   data	    bss	    dec	    hex	filename
  42344	   2320	  23848	  68512	  10ba0	tetris.elf
'Finished building: tetris.elf.size'
' '
17:41:38 **** Auto Build of configuration Debug for project tetris ****
make pre-build main-build 
a9-linaro-pre-build-step
' '
'Building file: ../src/tetris_sdk.c'
'Invoking: ARM v7 gcc compiler'
arm-none-eabi-gcc -Wall -O0 -g3 -c -fmessage-length=0 -MT"src/tetris_sdk.o" -mcpu=cortex-a9 -mfpu=vfpv3 -mfloat-abi=hard -I../../tetris_bsp/ps7_cortexa9_0/include -MMD -MP -MF"src/tetris_sdk.d" -MT"src/tetris_sdk.o" -o "src/tetris_sdk.o" "../src/tetris_sdk.c"
In file included from ../src/tetris_sdk.c:9:
../../tetris_bsp/ps7_cortexa9_0/include/xtime_l.h:87:9: note: #pragma message: For the sleep routines, Global timer is being used
 #pragma message ("For the sleep routines, Global timer is being used")
         ^~~~~~~
../src/tetris_sdk.c: In function 'setBlock':
../src/tetris_sdk.c:142:19: warning: passing argument 1 of 'XTime_GetTime' makes pointer from integer without a cast [-Wint-conversion]
     XTime_GetTime(seed);
                   ^~~~
In file included from ../src/tetris_sdk.c:9:
../../tetris_bsp/ps7_cortexa9_0/include/xtime_l.h:95:27: note: expected 'XTime *' {aka 'long long unsigned int *'} but argument is of type 'XTime' {aka 'long long unsigned int'}
 void XTime_GetTime(XTime *Xtime_Global);
                    ~~~~~~~^~~~~~~~~~~~
../src/tetris_sdk.c: In function 'checkLine':
../src/tetris_sdk.c:404:21: warning: unused variable 'count' [-Wunused-variable]
     int h, w, full, count =0;
                     ^~~~~
../src/tetris_sdk.c: In function 'mapMerger':
../src/tetris_sdk.c:430:11: warning: assignment to 'MData (*)[10]' {aka 'char (*)[10]'} from 'int' makes pointer from integer without a cast [-Wint-conversion]
    tftmap = map[h][w] | blockShape[curLoc->Y + h][curLoc->X + w];
           ^
../src/tetris_sdk.c: In function 'ServiceRoutine':
../src/tetris_sdk.c:581:18: warning: statement with no effect [-Wunused-value]
     mode_current == READY;
                  ^
../src/tetris_sdk.c: In function 'fixShape':
../src/tetris_sdk.c:305:1: warning: control reaches end of non-void function [-Wreturn-type]
 }
 ^
../src/tetris_sdk.c: In function 'setBlock':
../src/tetris_sdk.c:142:5: warning: 'seed' is used uninitialized in this function [-Wuninitialized]
     XTime_GetTime(seed);
     ^~~~~~~~~~~~~~~~~~~
'Finished building: ../src/tetris_sdk.c'
' '
'Building target: tetris.elf'
'Invoking: ARM v7 gcc linker'
arm-none-eabi-gcc -mcpu=cortex-a9 -mfpu=vfpv3 -mfloat-abi=hard -Wl,-build-id=none -specs=Xilinx.spec -Wl,-T -Wl,../src/lscript.ld -L../../tetris_bsp/ps7_cortexa9_0/lib -o "tetris.elf"  ./src/tetris_sdk.o   -Wl,--start-group,-lxil,-lgcc,-lc,--end-group
'Finished building target: tetris.elf'
' '
'Invoking: ARM v7 Print Size'
arm-none-eabi-size tetris.elf  |tee "tetris.elf.size"
   text	   data	    bss	    dec	    hex	filename
  42360	   2320	  23848	  68528	  10bb0	tetris.elf
'Finished building: tetris.elf.size'
' '
17:41:54 **** Auto Build of configuration Debug for project tetris ****
make pre-build main-build 
a9-linaro-pre-build-step
' '
'Building file: ../src/tetris_sdk.c'
'Invoking: ARM v7 gcc compiler'
arm-none-eabi-gcc -Wall -O0 -g3 -c -fmessage-length=0 -MT"src/tetris_sdk.o" -mcpu=cortex-a9 -mfpu=vfpv3 -mfloat-abi=hard -I../../tetris_bsp/ps7_cortexa9_0/include -MMD -MP -MF"src/tetris_sdk.d" -MT"src/tetris_sdk.o" -o "src/tetris_sdk.o" "../src/tetris_sdk.c"
In file included from ../src/tetris_sdk.c:9:
../../tetris_bsp/ps7_cortexa9_0/include/xtime_l.h:87:9: note: #pragma message: For the sleep routines, Global timer is being used
 #pragma message ("For the sleep routines, Global timer is being used")
         ^~~~~~~
../src/tetris_sdk.c: In function 'setBlock':
../src/tetris_sdk.c:142:19: warning: passing argument 1 of 'XTime_GetTime' makes pointer from integer without a cast [-Wint-conversion]
     XTime_GetTime(seed);
                   ^~~~
In file included from ../src/tetris_sdk.c:9:
../../tetris_bsp/ps7_cortexa9_0/include/xtime_l.h:95:27: note: expected 'XTime *' {aka 'long long unsigned int *'} but argument is of type 'XTime' {aka 'long long unsigned int'}
 void XTime_GetTime(XTime *Xtime_Global);
                    ~~~~~~~^~~~~~~~~~~~
../src/tetris_sdk.c: In function 'checkLine':
../src/tetris_sdk.c:404:21: warning: unused variable 'count' [-Wunused-variable]
     int h, w, full, count =0;
                     ^~~~~
../src/tetris_sdk.c: In function 'mapMerger':
../src/tetris_sdk.c:430:11: warning: assignment to 'MData (*)[10]' {aka 'char (*)[10]'} from 'int' makes pointer from integer without a cast [-Wint-conversion]
    tftmap = map[h][w] | blockShape[curLoc->Y + h][curLoc->X + w];
           ^
../src/tetris_sdk.c: In function 'ServiceRoutine':
../src/tetris_sdk.c:581:18: warning: statement with no effect [-Wunused-value]
     mode_current == READY;
                  ^
../src/tetris_sdk.c: In function 'fixShape':
../src/tetris_sdk.c:305:1: warning: control reaches end of non-void function [-Wreturn-type]
 }
 ^
../src/tetris_sdk.c: In function 'setBlock':
../src/tetris_sdk.c:142:5: warning: 'seed' is used uninitialized in this function [-Wuninitialized]
     XTime_GetTime(seed);
     ^~~~~~~~~~~~~~~~~~~
'Finished building: ../src/tetris_sdk.c'
' '
'Building target: tetris.elf'
'Invoking: ARM v7 gcc linker'
arm-none-eabi-gcc -mcpu=cortex-a9 -mfpu=vfpv3 -mfloat-abi=hard -Wl,-build-id=none -specs=Xilinx.spec -Wl,-T -Wl,../src/lscript.ld -L../../tetris_bsp/ps7_cortexa9_0/lib -o "tetris.elf"  ./src/tetris_sdk.o   -Wl,--start-group,-lxil,-lgcc,-lc,--end-group
'Finished building target: tetris.elf'
' '
'Invoking: ARM v7 Print Size'
arm-none-eabi-size tetris.elf  |tee "tetris.elf.size"
   text	   data	    bss	    dec	    hex	filename
  42368	   2320	  23848	  68536	  10bb8	tetris.elf
'Finished building: tetris.elf.size'
' '
17:42:00 **** Auto Build of configuration Debug for project tetris ****
make pre-build main-build 
a9-linaro-pre-build-step
' '
'Building file: ../src/tetris_sdk.c'
'Invoking: ARM v7 gcc compiler'
arm-none-eabi-gcc -Wall -O0 -g3 -c -fmessage-length=0 -MT"src/tetris_sdk.o" -mcpu=cortex-a9 -mfpu=vfpv3 -mfloat-abi=hard -I../../tetris_bsp/ps7_cortexa9_0/include -MMD -MP -MF"src/tetris_sdk.d" -MT"src/tetris_sdk.o" -o "src/tetris_sdk.o" "../src/tetris_sdk.c"
In file included from ../src/tetris_sdk.c:9:
../../tetris_bsp/ps7_cortexa9_0/include/xtime_l.h:87:9: note: #pragma message: For the sleep routines, Global timer is being used
 #pragma message ("For the sleep routines, Global timer is being used")
         ^~~~~~~
../src/tetris_sdk.c: In function 'setBlock':
../src/tetris_sdk.c:142:19: warning: passing argument 1 of 'XTime_GetTime' makes pointer from integer without a cast [-Wint-conversion]
     XTime_GetTime(seed);
                   ^~~~
In file included from ../src/tetris_sdk.c:9:
../../tetris_bsp/ps7_cortexa9_0/include/xtime_l.h:95:27: note: expected 'XTime *' {aka 'long long unsigned int *'} but argument is of type 'XTime' {aka 'long long unsigned int'}
 void XTime_GetTime(XTime *Xtime_Global);
                    ~~~~~~~^~~~~~~~~~~~
../src/tetris_sdk.c: In function 'checkLine':
../src/tetris_sdk.c:404:21: warning: unused variable 'count' [-Wunused-variable]
     int h, w, full, count =0;
                     ^~~~~
../src/tetris_sdk.c: In function 'mapMerger':
../src/tetris_sdk.c:430:11: warning: assignment to 'MData (*)[10]' {aka 'char (*)[10]'} from 'int' makes pointer from integer without a cast [-Wint-conversion]
    tftmap = map[h][w] | blockShape[curLoc->Y + h][curLoc->X + w];
           ^
../src/tetris_sdk.c: In function 'ServiceRoutine':
../src/tetris_sdk.c:581:18: warning: statement with no effect [-Wunused-value]
     mode_current == READY;
                  ^
../src/tetris_sdk.c: In function 'fixShape':
../src/tetris_sdk.c:305:1: warning: control reaches end of non-void function [-Wreturn-type]
 }
 ^
../src/tetris_sdk.c: In function 'setBlock':
../src/tetris_sdk.c:142:5: warning: 'seed' is used uninitialized in this function [-Wuninitialized]
     XTime_GetTime(seed);
     ^~~~~~~~~~~~~~~~~~~
'Finished building: ../src/tetris_sdk.c'
' '
'Building target: tetris.elf'
'Invoking: ARM v7 gcc linker'
arm-none-eabi-gcc -mcpu=cortex-a9 -mfpu=vfpv3 -mfloat-abi=hard -Wl,-build-id=none -specs=Xilinx.spec -Wl,-T -Wl,../src/lscript.ld -L../../tetris_bsp/ps7_cortexa9_0/lib -o "tetris.elf"  ./src/tetris_sdk.o   -Wl,--start-group,-lxil,-lgcc,-lc,--end-group
'Finished building target: tetris.elf'
' '
'Invoking: ARM v7 Print Size'
arm-none-eabi-size tetris.elf  |tee "tetris.elf.size"
   text	   data	    bss	    dec	    hex	filename
  42368	   2320	  23848	  68536	  10bb8	tetris.elf
'Finished building: tetris.elf.size'
' '
17:42:25 **** Auto Build of configuration Debug for project tetris ****
make pre-build main-build 
a9-linaro-pre-build-step
' '
'Building file: ../src/tetris_sdk.c'
'Invoking: ARM v7 gcc compiler'
arm-none-eabi-gcc -Wall -O0 -g3 -c -fmessage-length=0 -MT"src/tetris_sdk.o" -mcpu=cortex-a9 -mfpu=vfpv3 -mfloat-abi=hard -I../../tetris_bsp/ps7_cortexa9_0/include -MMD -MP -MF"src/tetris_sdk.d" -MT"src/tetris_sdk.o" -o "src/tetris_sdk.o" "../src/tetris_sdk.c"
In file included from ../src/tetris_sdk.c:9:
../../tetris_bsp/ps7_cortexa9_0/include/xtime_l.h:87:9: note: #pragma message: For the sleep routines, Global timer is being used
 #pragma message ("For the sleep routines, Global timer is being used")
         ^~~~~~~
../src/tetris_sdk.c: In function 'setBlock':
../src/tetris_sdk.c:142:19: warning: passing argument 1 of 'XTime_GetTime' makes pointer from integer without a cast [-Wint-conversion]
     XTime_GetTime(seed);
                   ^~~~
In file included from ../src/tetris_sdk.c:9:
../../tetris_bsp/ps7_cortexa9_0/include/xtime_l.h:95:27: note: expected 'XTime *' {aka 'long long unsigned int *'} but argument is of type 'XTime' {aka 'long long unsigned int'}
 void XTime_GetTime(XTime *Xtime_Global);
                    ~~~~~~~^~~~~~~~~~~~
../src/tetris_sdk.c: In function 'checkLine':
../src/tetris_sdk.c:404:21: warning: unused variable 'count' [-Wunused-variable]
     int h, w, full, count =0;
                     ^~~~~
../src/tetris_sdk.c: In function 'mapMerger':
../src/tetris_sdk.c:430:11: warning: assignment to 'MData (*)[10]' {aka 'char (*)[10]'} from 'int' makes pointer from integer without a cast [-Wint-conversion]
    tftmap = map[h][w] | blockShape[curLoc->Y + h][curLoc->X + w];
           ^
../src/tetris_sdk.c: In function 'ServiceRoutine':
../src/tetris_sdk.c:582:18: warning: statement with no effect [-Wunused-value]
     mode_current == READY;
                  ^
../src/tetris_sdk.c: In function 'fixShape':
../src/tetris_sdk.c:305:1: warning: control reaches end of non-void function [-Wreturn-type]
 }
 ^
../src/tetris_sdk.c: In function 'setBlock':
../src/tetris_sdk.c:142:5: warning: 'seed' is used uninitialized in this function [-Wuninitialized]
     XTime_GetTime(seed);
     ^~~~~~~~~~~~~~~~~~~
'Finished building: ../src/tetris_sdk.c'
' '
'Building target: tetris.elf'
'Invoking: ARM v7 gcc linker'
arm-none-eabi-gcc -mcpu=cortex-a9 -mfpu=vfpv3 -mfloat-abi=hard -Wl,-build-id=none -specs=Xilinx.spec -Wl,-T -Wl,../src/lscript.ld -L../../tetris_bsp/ps7_cortexa9_0/lib -o "tetris.elf"  ./src/tetris_sdk.o   -Wl,--start-group,-lxil,-lgcc,-lc,--end-group
'Finished building target: tetris.elf'
' '
'Invoking: ARM v7 Print Size'
arm-none-eabi-size tetris.elf  |tee "tetris.elf.size"
   text	   data	    bss	    dec	    hex	filename
  42392	   2320	  23848	  68560	  10bd0	tetris.elf
'Finished building: tetris.elf.size'
' '
17:42:29 **** Incremental Build of configuration Debug for project test ****
make pre-build main-build 
a9-linaro-pre-build-step
' '
make: Nothing to be done for 'main-build'.
17:42:29 **** Incremental Build of configuration Debug for project tetris ****
make pre-build main-build 
a9-linaro-pre-build-step
' '
make: Nothing to be done for 'main-build'.
17:42:34 **** Incremental Build of configuration Debug for project tetris ****
make pre-build main-build 
a9-linaro-pre-build-step
' '
make: Nothing to be done for 'main-build'.
17:45:56 **** Auto Build of configuration Debug for project tetris ****
make pre-build main-build 
a9-linaro-pre-build-step
' '
'Building file: ../src/tetris_sdk.c'
'Invoking: ARM v7 gcc compiler'
arm-none-eabi-gcc -Wall -O0 -g3 -c -fmessage-length=0 -MT"src/tetris_sdk.o" -mcpu=cortex-a9 -mfpu=vfpv3 -mfloat-abi=hard -I../../tetris_bsp/ps7_cortexa9_0/include -MMD -MP -MF"src/tetris_sdk.d" -MT"src/tetris_sdk.o" -o "src/tetris_sdk.o" "../src/tetris_sdk.c"
In file included from ../src/tetris_sdk.c:9:
../../tetris_bsp/ps7_cortexa9_0/include/xtime_l.h:87:9: note: #pragma message: For the sleep routines, Global timer is being used
 #pragma message ("For the sleep routines, Global timer is being used")
         ^~~~~~~
../src/tetris_sdk.c: In function 'setBlock':
../src/tetris_sdk.c:142:19: warning: passing argument 1 of 'XTime_GetTime' makes pointer from integer without a cast [-Wint-conversion]
     XTime_GetTime(seed);
                   ^~~~
In file included from ../src/tetris_sdk.c:9:
../../tetris_bsp/ps7_cortexa9_0/include/xtime_l.h:95:27: note: expected 'XTime *' {aka 'long long unsigned int *'} but argument is of type 'XTime' {aka 'long long unsigned int'}
 void XTime_GetTime(XTime *Xtime_Global);
                    ~~~~~~~^~~~~~~~~~~~
../src/tetris_sdk.c: In function 'checkLine':
../src/tetris_sdk.c:404:21: warning: unused variable 'count' [-Wunused-variable]
     int h, w, full, count =0;
                     ^~~~~
../src/tetris_sdk.c: In function 'mapMerger':
../src/tetris_sdk.c:430:11: warning: assignment to 'MData (*)[10]' {aka 'char (*)[10]'} from 'int' makes pointer from integer without a cast [-Wint-conversion]
    tftmap = map[h][w] | blockShape[curLoc->Y + h][curLoc->X + w];
           ^
../src/tetris_sdk.c: In function 'ServiceRoutine':
../src/tetris_sdk.c:584:18: warning: statement with no effect [-Wunused-value]
     mode_current == READY;
                  ^
../src/tetris_sdk.c: In function 'fixShape':
../src/tetris_sdk.c:305:1: warning: control reaches end of non-void function [-Wreturn-type]
 }
 ^
../src/tetris_sdk.c: In function 'setBlock':
../src/tetris_sdk.c:142:5: warning: 'seed' is used uninitialized in this function [-Wuninitialized]
     XTime_GetTime(seed);
     ^~~~~~~~~~~~~~~~~~~
'Finished building: ../src/tetris_sdk.c'
' '
'Building target: tetris.elf'
'Invoking: ARM v7 gcc linker'
arm-none-eabi-gcc -mcpu=cortex-a9 -mfpu=vfpv3 -mfloat-abi=hard -Wl,-build-id=none -specs=Xilinx.spec -Wl,-T -Wl,../src/lscript.ld -L../../tetris_bsp/ps7_cortexa9_0/lib -o "tetris.elf"  ./src/tetris_sdk.o   -Wl,--start-group,-lxil,-lgcc,-lc,--end-group
'Finished building target: tetris.elf'
' '
'Invoking: ARM v7 Print Size'
arm-none-eabi-size tetris.elf  |tee "tetris.elf.size"
   text	   data	    bss	    dec	    hex	filename
  42532	   2320	  23848	  68700	  10c5c	tetris.elf
'Finished building: tetris.elf.size'
' '
17:46:05 **** Auto Build of configuration Debug for project tetris ****
make pre-build main-build 
a9-linaro-pre-build-step
' '
'Building file: ../src/tetris_sdk.c'
'Invoking: ARM v7 gcc compiler'
arm-none-eabi-gcc -Wall -O0 -g3 -c -fmessage-length=0 -MT"src/tetris_sdk.o" -mcpu=cortex-a9 -mfpu=vfpv3 -mfloat-abi=hard -I../../tetris_bsp/ps7_cortexa9_0/include -MMD -MP -MF"src/tetris_sdk.d" -MT"src/tetris_sdk.o" -o "src/tetris_sdk.o" "../src/tetris_sdk.c"
In file included from ../src/tetris_sdk.c:9:
../../tetris_bsp/ps7_cortexa9_0/include/xtime_l.h:87:9: note: #pragma message: For the sleep routines, Global timer is being used
 #pragma message ("For the sleep routines, Global timer is being used")
         ^~~~~~~
../src/tetris_sdk.c: In function 'setBlock':
../src/tetris_sdk.c:142:19: warning: passing argument 1 of 'XTime_GetTime' makes pointer from integer without a cast [-Wint-conversion]
     XTime_GetTime(seed);
                   ^~~~
In file included from ../src/tetris_sdk.c:9:
../../tetris_bsp/ps7_cortexa9_0/include/xtime_l.h:95:27: note: expected 'XTime *' {aka 'long long unsigned int *'} but argument is of type 'XTime' {aka 'long long unsigned int'}
 void XTime_GetTime(XTime *Xtime_Global);
                    ~~~~~~~^~~~~~~~~~~~
../src/tetris_sdk.c: In function 'checkLine':
../src/tetris_sdk.c:404:21: warning: unused variable 'count' [-Wunused-variable]
     int h, w, full, count =0;
                     ^~~~~
../src/tetris_sdk.c: In function 'mapMerger':
../src/tetris_sdk.c:430:11: warning: assignment to 'MData (*)[10]' {aka 'char (*)[10]'} from 'int' makes pointer from integer without a cast [-Wint-conversion]
    tftmap = map[h][w] | blockShape[curLoc->Y + h][curLoc->X + w];
           ^
../src/tetris_sdk.c: In function 'ServiceRoutine':
../src/tetris_sdk.c:584:18: warning: statement with no effect [-Wunused-value]
     mode_current == READY;
                  ^
../src/tetris_sdk.c: In function 'fixShape':
../src/tetris_sdk.c:305:1: warning: control reaches end of non-void function [-Wreturn-type]
 }
 ^
../src/tetris_sdk.c: In function 'setBlock':
../src/tetris_sdk.c:142:5: warning: 'seed' is used uninitialized in this function [-Wuninitialized]
     XTime_GetTime(seed);
     ^~~~~~~~~~~~~~~~~~~
'Finished building: ../src/tetris_sdk.c'
' '
'Building target: tetris.elf'
'Invoking: ARM v7 gcc linker'
arm-none-eabi-gcc -mcpu=cortex-a9 -mfpu=vfpv3 -mfloat-abi=hard -Wl,-build-id=none -specs=Xilinx.spec -Wl,-T -Wl,../src/lscript.ld -L../../tetris_bsp/ps7_cortexa9_0/lib -o "tetris.elf"  ./src/tetris_sdk.o   -Wl,--start-group,-lxil,-lgcc,-lc,--end-group
'Finished building target: tetris.elf'
' '
'Invoking: ARM v7 Print Size'
arm-none-eabi-size tetris.elf  |tee "tetris.elf.size"
   text	   data	    bss	    dec	    hex	filename
  42532	   2320	  23848	  68700	  10c5c	tetris.elf
'Finished building: tetris.elf.size'
' '
17:46:11 **** Incremental Build of configuration Debug for project tetris ****
make pre-build main-build 
a9-linaro-pre-build-step
' '
make: Nothing to be done for 'main-build'.
17:46:17 **** Incremental Build of configuration Debug for project test ****
make pre-build main-build 
a9-linaro-pre-build-step
' '
make: Nothing to be done for 'main-build'.
17:46:18 **** Incremental Build of configuration Debug for project tetris ****
make pre-build main-build 
a9-linaro-pre-build-step
' '
make: Nothing to be done for 'main-build'.
17:46:24 **** Incremental Build of configuration Debug for project tetris ****
make pre-build main-build 
a9-linaro-pre-build-step
' '
make: Nothing to be done for 'main-build'.
17:47:08 **** Incremental Build of configuration Debug for project test ****
make pre-build main-build 
a9-linaro-pre-build-step
' '
make: Nothing to be done for 'main-build'.
17:47:08 **** Incremental Build of configuration Debug for project tetris ****
make pre-build main-build 
a9-linaro-pre-build-step
' '
make: Nothing to be done for 'main-build'.
17:47:25 **** Incremental Build of configuration Debug for project tetris ****
make pre-build main-build 
a9-linaro-pre-build-step
' '
make: Nothing to be done for 'main-build'.
17:50:07 **** Incremental Build of configuration Debug for project tetris ****
make pre-build main-build 
a9-linaro-pre-build-step
' '
make: Nothing to be done for 'main-build'.
17:54:47 **** Auto Build of configuration Debug for project tetris ****
make pre-build main-build 
a9-linaro-pre-build-step
' '
'Building file: ../src/tetris_sdk.c'
'Invoking: ARM v7 gcc compiler'
arm-none-eabi-gcc -Wall -O0 -g3 -c -fmessage-length=0 -MT"src/tetris_sdk.o" -mcpu=cortex-a9 -mfpu=vfpv3 -mfloat-abi=hard -I../../tetris_bsp/ps7_cortexa9_0/include -MMD -MP -MF"src/tetris_sdk.d" -MT"src/tetris_sdk.o" -o "src/tetris_sdk.o" "../src/tetris_sdk.c"
In file included from ../src/tetris_sdk.c:9:
../../tetris_bsp/ps7_cortexa9_0/include/xtime_l.h:87:9: note: #pragma message: For the sleep routines, Global timer is being used
 #pragma message ("For the sleep routines, Global timer is being used")
         ^~~~~~~
../src/tetris_sdk.c: In function 'setBlock':
../src/tetris_sdk.c:142:19: warning: passing argument 1 of 'XTime_GetTime' makes pointer from integer without a cast [-Wint-conversion]
     XTime_GetTime(seed);
                   ^~~~
In file included from ../src/tetris_sdk.c:9:
../../tetris_bsp/ps7_cortexa9_0/include/xtime_l.h:95:27: note: expected 'XTime *' {aka 'long long unsigned int *'} but argument is of type 'XTime' {aka 'long long unsigned int'}
 void XTime_GetTime(XTime *Xtime_Global);
                    ~~~~~~~^~~~~~~~~~~~
../src/tetris_sdk.c: In function 'checkLine':
../src/tetris_sdk.c:404:21: warning: unused variable 'count' [-Wunused-variable]
     int h, w, full, count =0;
                     ^~~~~
../src/tetris_sdk.c: In function 'mapMerger':
../src/tetris_sdk.c:430:11: warning: assignment to 'MData (*)[10]' {aka 'char (*)[10]'} from 'int' makes pointer from integer without a cast [-Wint-conversion]
    tftmap = map[h][w] | blockShape[curLoc->Y + h][curLoc->X + w];
           ^
../src/tetris_sdk.c: In function 'ServiceRoutine':
../src/tetris_sdk.c:587:18: warning: statement with no effect [-Wunused-value]
     mode_current == READY;
                  ^
../src/tetris_sdk.c: In function 'fixShape':
../src/tetris_sdk.c:305:1: warning: control reaches end of non-void function [-Wreturn-type]
 }
 ^
../src/tetris_sdk.c: In function 'setBlock':
../src/tetris_sdk.c:142:5: warning: 'seed' is used uninitialized in this function [-Wuninitialized]
     XTime_GetTime(seed);
     ^~~~~~~~~~~~~~~~~~~
'Finished building: ../src/tetris_sdk.c'
' '
'Building target: tetris.elf'
'Invoking: ARM v7 gcc linker'
arm-none-eabi-gcc -mcpu=cortex-a9 -mfpu=vfpv3 -mfloat-abi=hard -Wl,-build-id=none -specs=Xilinx.spec -Wl,-T -Wl,../src/lscript.ld -L../../tetris_bsp/ps7_cortexa9_0/lib -o "tetris.elf"  ./src/tetris_sdk.o   -Wl,--start-group,-lxil,-lgcc,-lc,--end-group
'Finished building target: tetris.elf'
' '
'Invoking: ARM v7 Print Size'
arm-none-eabi-size tetris.elf  |tee "tetris.elf.size"
   text	   data	    bss	    dec	    hex	filename
  42604	   2320	  23848	  68772	  10ca4	tetris.elf
'Finished building: tetris.elf.size'
' '
17:54:49 **** Auto Build of configuration Debug for project tetris ****
make pre-build main-build 
a9-linaro-pre-build-step
' '
'Building file: ../src/tetris_sdk.c'
'Invoking: ARM v7 gcc compiler'
arm-none-eabi-gcc -Wall -O0 -g3 -c -fmessage-length=0 -MT"src/tetris_sdk.o" -mcpu=cortex-a9 -mfpu=vfpv3 -mfloat-abi=hard -I../../tetris_bsp/ps7_cortexa9_0/include -MMD -MP -MF"src/tetris_sdk.d" -MT"src/tetris_sdk.o" -o "src/tetris_sdk.o" "../src/tetris_sdk.c"
In file included from ../src/tetris_sdk.c:9:
../../tetris_bsp/ps7_cortexa9_0/include/xtime_l.h:87:9: note: #pragma message: For the sleep routines, Global timer is being used
 #pragma message ("For the sleep routines, Global timer is being used")
         ^~~~~~~
../src/tetris_sdk.c: In function 'setBlock':
../src/tetris_sdk.c:142:19: warning: passing argument 1 of 'XTime_GetTime' makes pointer from integer without a cast [-Wint-conversion]
     XTime_GetTime(seed);
                   ^~~~
In file included from ../src/tetris_sdk.c:9:
../../tetris_bsp/ps7_cortexa9_0/include/xtime_l.h:95:27: note: expected 'XTime *' {aka 'long long unsigned int *'} but argument is of type 'XTime' {aka 'long long unsigned int'}
 void XTime_GetTime(XTime *Xtime_Global);
                    ~~~~~~~^~~~~~~~~~~~
../src/tetris_sdk.c: In function 'checkLine':
../src/tetris_sdk.c:404:21: warning: unused variable 'count' [-Wunused-variable]
     int h, w, full, count =0;
                     ^~~~~
../src/tetris_sdk.c: In function 'mapMerger':
../src/tetris_sdk.c:430:11: warning: assignment to 'MData (*)[10]' {aka 'char (*)[10]'} from 'int' makes pointer from integer without a cast [-Wint-conversion]
    tftmap = map[h][w] | blockShape[curLoc->Y + h][curLoc->X + w];
           ^
../src/tetris_sdk.c: In function 'ServiceRoutine':
../src/tetris_sdk.c:588:18: warning: statement with no effect [-Wunused-value]
     mode_current == READY;
                  ^
../src/tetris_sdk.c: In function 'fixShape':
../src/tetris_sdk.c:305:1: warning: control reaches end of non-void function [-Wreturn-type]
 }
 ^
../src/tetris_sdk.c: In function 'setBlock':
../src/tetris_sdk.c:142:5: warning: 'seed' is used uninitialized in this function [-Wuninitialized]
     XTime_GetTime(seed);
     ^~~~~~~~~~~~~~~~~~~
'Finished building: ../src/tetris_sdk.c'
' '
'Building target: tetris.elf'
'Invoking: ARM v7 gcc linker'
arm-none-eabi-gcc -mcpu=cortex-a9 -mfpu=vfpv3 -mfloat-abi=hard -Wl,-build-id=none -specs=Xilinx.spec -Wl,-T -Wl,../src/lscript.ld -L../../tetris_bsp/ps7_cortexa9_0/lib -o "tetris.elf"  ./src/tetris_sdk.o   -Wl,--start-group,-lxil,-lgcc,-lc,--end-group
'Finished building target: tetris.elf'
' '
'Invoking: ARM v7 Print Size'
arm-none-eabi-size tetris.elf  |tee "tetris.elf.size"
   text	   data	    bss	    dec	    hex	filename
  42604	   2320	  23848	  68772	  10ca4	tetris.elf
'Finished building: tetris.elf.size'
' '
17:54:53 **** Incremental Build of configuration Debug for project tetris ****
make pre-build main-build 
a9-linaro-pre-build-step
' '
make: Nothing to be done for 'main-build'.
17:54:55 **** Incremental Build of configuration Debug for project test ****
make pre-build main-build 
a9-linaro-pre-build-step
' '
make: Nothing to be done for 'main-build'.
17:54:56 **** Incremental Build of configuration Debug for project tetris ****
make pre-build main-build 
a9-linaro-pre-build-step
' '
make: Nothing to be done for 'main-build'.
17:55:00 **** Incremental Build of configuration Debug for project tetris ****
make pre-build main-build 
a9-linaro-pre-build-step
' '
make: Nothing to be done for 'main-build'.
17:56:10 **** Auto Build of configuration Debug for project tetris ****
make pre-build main-build 
a9-linaro-pre-build-step
' '
'Building file: ../src/tetris_sdk.c'
'Invoking: ARM v7 gcc compiler'
arm-none-eabi-gcc -Wall -O0 -g3 -c -fmessage-length=0 -MT"src/tetris_sdk.o" -mcpu=cortex-a9 -mfpu=vfpv3 -mfloat-abi=hard -I../../tetris_bsp/ps7_cortexa9_0/include -MMD -MP -MF"src/tetris_sdk.d" -MT"src/tetris_sdk.o" -o "src/tetris_sdk.o" "../src/tetris_sdk.c"
In file included from ../src/tetris_sdk.c:9:
../../tetris_bsp/ps7_cortexa9_0/include/xtime_l.h:87:9: note: #pragma message: For the sleep routines, Global timer is being used
 #pragma message ("For the sleep routines, Global timer is being used")
         ^~~~~~~
../src/tetris_sdk.c: In function 'setBlock':
../src/tetris_sdk.c:142:19: warning: passing argument 1 of 'XTime_GetTime' makes pointer from integer without a cast [-Wint-conversion]
     XTime_GetTime(seed);
                   ^~~~
In file included from ../src/tetris_sdk.c:9:
../../tetris_bsp/ps7_cortexa9_0/include/xtime_l.h:95:27: note: expected 'XTime *' {aka 'long long unsigned int *'} but argument is of type 'XTime' {aka 'long long unsigned int'}
 void XTime_GetTime(XTime *Xtime_Global);
                    ~~~~~~~^~~~~~~~~~~~
../src/tetris_sdk.c: In function 'checkLine':
../src/tetris_sdk.c:404:21: warning: unused variable 'count' [-Wunused-variable]
     int h, w, full, count =0;
                     ^~~~~
../src/tetris_sdk.c: In function 'mapMerger':
../src/tetris_sdk.c:430:11: warning: assignment to 'MData (*)[10]' {aka 'char (*)[10]'} from 'int' makes pointer from integer without a cast [-Wint-conversion]
    tftmap = map[h][w] | blockShape[curLoc->Y + h][curLoc->X + w];
           ^
../src/tetris_sdk.c: In function 'ServiceRoutine':
../src/tetris_sdk.c:588:18: warning: statement with no effect [-Wunused-value]
     mode_current == READY;
                  ^
../src/tetris_sdk.c: In function 'fixShape':
../src/tetris_sdk.c:305:1: warning: control reaches end of non-void function [-Wreturn-type]
 }
 ^
../src/tetris_sdk.c: In function 'setBlock':
../src/tetris_sdk.c:142:5: warning: 'seed' is used uninitialized in this function [-Wuninitialized]
     XTime_GetTime(seed);
     ^~~~~~~~~~~~~~~~~~~
'Finished building: ../src/tetris_sdk.c'
' '
'Building target: tetris.elf'
'Invoking: ARM v7 gcc linker'
arm-none-eabi-gcc -mcpu=cortex-a9 -mfpu=vfpv3 -mfloat-abi=hard -Wl,-build-id=none -specs=Xilinx.spec -Wl,-T -Wl,../src/lscript.ld -L../../tetris_bsp/ps7_cortexa9_0/lib -o "tetris.elf"  ./src/tetris_sdk.o   -Wl,--start-group,-lxil,-lgcc,-lc,--end-group
'Finished building target: tetris.elf'
' '
'Invoking: ARM v7 Print Size'
arm-none-eabi-size tetris.elf  |tee "tetris.elf.size"
   text	   data	    bss	    dec	    hex	filename
  42604	   2320	  23848	  68772	  10ca4	tetris.elf
'Finished building: tetris.elf.size'
' '
17:58:37 **** Build of project test_bsp ****
make -k all 
"Running Make include in ps7_cortexa9_0/libsrc/coresightps_dcc_v1_5/src"
make -C ps7_cortexa9_0/libsrc/coresightps_dcc_v1_5/src -s include  "SHELL=CMD" "COMPILER=arm-none-eabi-gcc" "ARCHIVER=arm-none-eabi-ar" "COMPILER_FLAGS=  -O2 -c" "EXTRA_COMPILER_FLAGS=-mcpu=cortex-a9 -mfpu=vfpv3 -mfloat-abi=hard -nostartfiles -g -Wall -Wextra"
"Running Make include in ps7_cortexa9_0/libsrc/cpu_cortexa9_v2_7/src"
make -C ps7_cortexa9_0/libsrc/cpu_cortexa9_v2_7/src -s include  "SHELL=CMD" "COMPILER=arm-none-eabi-gcc" "ARCHIVER=arm-none-eabi-ar" "COMPILER_FLAGS=  -O2 -c" "EXTRA_COMPILER_FLAGS=-mcpu=cortex-a9 -mfpu=vfpv3 -mfloat-abi=hard -nostartfiles -g -Wall -Wextra"
"Running Make include in ps7_cortexa9_0/libsrc/devcfg_v3_5/src"
make -C ps7_cortexa9_0/libsrc/devcfg_v3_5/src -s include  "SHELL=CMD" "COMPILER=arm-none-eabi-gcc" "ARCHIVER=arm-none-eabi-ar" "COMPILER_FLAGS=  -O2 -c" "EXTRA_COMPILER_FLAGS=-mcpu=cortex-a9 -mfpu=vfpv3 -mfloat-abi=hard -nostartfiles -g -Wall -Wextra"
"Running Make include in ps7_cortexa9_0/libsrc/dmaps_v2_4/src"
make -C ps7_cortexa9_0/libsrc/dmaps_v2_4/src -s include  "SHELL=CMD" "COMPILER=arm-none-eabi-gcc" "ARCHIVER=arm-none-eabi-ar" "COMPILER_FLAGS=  -O2 -c" "EXTRA_COMPILER_FLAGS=-mcpu=cortex-a9 -mfpu=vfpv3 -mfloat-abi=hard -nostartfiles -g -Wall -Wextra"
"Running Make include in ps7_cortexa9_0/libsrc/pushbutton_v1_0/src"
make -C ps7_cortexa9_0/libsrc/pushbutton_v1_0/src -s include  "SHELL=CMD" "COMPILER=arm-none-eabi-gcc" "ARCHIVER=arm-none-eabi-ar" "COMPILER_FLAGS=  -O2 -c" "EXTRA_COMPILER_FLAGS=-mcpu=cortex-a9 -mfpu=vfpv3 -mfloat-abi=hard -nostartfiles -g -Wall -Wextra"
"Running Make include in ps7_cortexa9_0/libsrc/scugic_v4_0/src"
make -C ps7_cortexa9_0/libsrc/scugic_v4_0/src -s include  "SHELL=CMD" "COMPILER=arm-none-eabi-gcc" "ARCHIVER=arm-none-eabi-ar" "COMPILER_FLAGS=  -O2 -c" "EXTRA_COMPILER_FLAGS=-mcpu=cortex-a9 -mfpu=vfpv3 -mfloat-abi=hard -nostartfiles -g -Wall -Wextra"
"Running Make include in ps7_cortexa9_0/libsrc/scutimer_v2_1/src"
make -C ps7_cortexa9_0/libsrc/scutimer_v2_1/src -s include  "SHELL=CMD" "COMPILER=arm-none-eabi-gcc" "ARCHIVER=arm-none-eabi-ar" "COMPILER_FLAGS=  -O2 -c" "EXTRA_COMPILER_FLAGS=-mcpu=cortex-a9 -mfpu=vfpv3 -mfloat-abi=hard -nostartfiles -g -Wall -Wextra"
"Running Make include in ps7_cortexa9_0/libsrc/scuwdt_v2_1/src"
make -C ps7_cortexa9_0/libsrc/scuwdt_v2_1/src -s include  "SHELL=CMD" "COMPILER=arm-none-eabi-gcc" "ARCHIVER=arm-none-eabi-ar" "COMPILER_FLAGS=  -O2 -c" "EXTRA_COMPILER_FLAGS=-mcpu=cortex-a9 -mfpu=vfpv3 -mfloat-abi=hard -nostartfiles -g -Wall -Wextra"
"Running Make include in ps7_cortexa9_0/libsrc/seven_seg_v1_0/src"
make -C ps7_cortexa9_0/libsrc/seven_seg_v1_0/src -s include  "SHELL=CMD" "COMPILER=arm-none-eabi-gcc" "ARCHIVER=arm-none-eabi-ar" "COMPILER_FLAGS=  -O2 -c" "EXTRA_COMPILER_FLAGS=-mcpu=cortex-a9 -mfpu=vfpv3 -mfloat-abi=hard -nostartfiles -g -Wall -Wextra"
"Running Make include in ps7_cortexa9_0/libsrc/standalone_v7_0/src"
make -C ps7_cortexa9_0/libsrc/standalone_v7_0/src -s include  "SHELL=CMD" "COMPILER=arm-none-eabi-gcc" "ARCHIVER=arm-none-eabi-ar" "COMPILER_FLAGS=  -O2 -c" "EXTRA_COMPILER_FLAGS=-mcpu=cortex-a9 -mfpu=vfpv3 -mfloat-abi=hard -nostartfiles -g -Wall -Wextra"
"Running Make include in ps7_cortexa9_0/libsrc/textlcd_v1_0/src"
make -C ps7_cortexa9_0/libsrc/textlcd_v1_0/src -s include  "SHELL=CMD" "COMPILER=arm-none-eabi-gcc" "ARCHIVER=arm-none-eabi-ar" "COMPILER_FLAGS=  -O2 -c" "EXTRA_COMPILER_FLAGS=-mcpu=cortex-a9 -mfpu=vfpv3 -mfloat-abi=hard -nostartfiles -g -Wall -Wextra"
"Running Make include in ps7_cortexa9_0/libsrc/TFTLCD_NEW_v1_0/src"
make -C ps7_cortexa9_0/libsrc/TFTLCD_NEW_v1_0/src -s include  "SHELL=CMD" "COMPILER=arm-none-eabi-gcc" "ARCHIVER=arm-none-eabi-ar" "COMPILER_FLAGS=  -O2 -c" "EXTRA_COMPILER_FLAGS=-mcpu=cortex-a9 -mfpu=vfpv3 -mfloat-abi=hard -nostartfiles -g -Wall -Wextra"
"Running Make include in ps7_cortexa9_0/libsrc/xadcps_v2_3/src"
make -C ps7_cortexa9_0/libsrc/xadcps_v2_3/src -s include  "SHELL=CMD" "COMPILER=arm-none-eabi-gcc" "ARCHIVER=arm-none-eabi-ar" "COMPILER_FLAGS=  -O2 -c" "EXTRA_COMPILER_FLAGS=-mcpu=cortex-a9 -mfpu=vfpv3 -mfloat-abi=hard -nostartfiles -g -Wall -Wextra"
"Running Make libs in ps7_cortexa9_0/libsrc/coresightps_dcc_v1_5/src"
make -C ps7_cortexa9_0/libsrc/coresightps_dcc_v1_5/src -s libs  "SHELL=CMD" "COMPILER=arm-none-eabi-gcc" "ARCHIVER=arm-none-eabi-ar" "COMPILER_FLAGS=  -O2 -c" "EXTRA_COMPILER_FLAGS=-mcpu=cortex-a9 -mfpu=vfpv3 -mfloat-abi=hard -nostartfiles -g -Wall -Wextra"
"Compiling coresightps_dcc"
"Running Make libs in ps7_cortexa9_0/libsrc/cpu_cortexa9_v2_7/src"
make -C ps7_cortexa9_0/libsrc/cpu_cortexa9_v2_7/src -s libs  "SHELL=CMD" "COMPILER=arm-none-eabi-gcc" "ARCHIVER=arm-none-eabi-ar" "COMPILER_FLAGS=  -O2 -c" "EXTRA_COMPILER_FLAGS=-mcpu=cortex-a9 -mfpu=vfpv3 -mfloat-abi=hard -nostartfiles -g -Wall -Wextra"
"Compiling cpu_cortexa9"
"Running Make libs in ps7_cortexa9_0/libsrc/devcfg_v3_5/src"
make -C ps7_cortexa9_0/libsrc/devcfg_v3_5/src -s libs  "SHELL=CMD" "COMPILER=arm-none-eabi-gcc" "ARCHIVER=arm-none-eabi-ar" "COMPILER_FLAGS=  -O2 -c" "EXTRA_COMPILER_FLAGS=-mcpu=cortex-a9 -mfpu=vfpv3 -mfloat-abi=hard -nostartfiles -g -Wall -Wextra"
"Compiling devcfg"
"Running Make libs in ps7_cortexa9_0/libsrc/dmaps_v2_4/src"
make -C ps7_cortexa9_0/libsrc/dmaps_v2_4/src -s libs  "SHELL=CMD" "COMPILER=arm-none-eabi-gcc" "ARCHIVER=arm-none-eabi-ar" "COMPILER_FLAGS=  -O2 -c" "EXTRA_COMPILER_FLAGS=-mcpu=cortex-a9 -mfpu=vfpv3 -mfloat-abi=hard -nostartfiles -g -Wall -Wextra"
"Compiling dmaps"
"Running Make libs in ps7_cortexa9_0/libsrc/pushbutton_v1_0/src"
make -C ps7_cortexa9_0/libsrc/pushbutton_v1_0/src -s libs  "SHELL=CMD" "COMPILER=arm-none-eabi-gcc" "ARCHIVER=arm-none-eabi-ar" "COMPILER_FLAGS=  -O2 -c" "EXTRA_COMPILER_FLAGS=-mcpu=cortex-a9 -mfpu=vfpv3 -mfloat-abi=hard -nostartfiles -g -Wall -Wextra"
"Compiling pushbutton..."
pushbutton_selftest.c: In function 'PUSHBUTTON_Reg_SelfTest':
pushbutton_selftest.c:52:59: warning: comparison of integer expressions of different signedness: 'u32' {aka 'long unsigned int'} and 'int' [-Wsign-compare]
    if ( PUSHBUTTON_mReadReg (baseaddr, read_loop_index*4) != (read_loop_index+1)*READ_WRITE_MUL_FACTOR){
                                                           ^~
pushbutton_selftest.c:36:6: warning: unused variable 'Index' [-Wunused-variable]
  int Index;
      ^~~~~
"Running Make libs in ps7_cortexa9_0/libsrc/scugic_v4_0/src"
make -C ps7_cortexa9_0/libsrc/scugic_v4_0/src -s libs  "SHELL=CMD" "COMPILER=arm-none-eabi-gcc" "ARCHIVER=arm-none-eabi-ar" "COMPILER_FLAGS=  -O2 -c" "EXTRA_COMPILER_FLAGS=-mcpu=cortex-a9 -mfpu=vfpv3 -mfloat-abi=hard -nostartfiles -g -Wall -Wextra"
"Compiling scugic"
"Running Make libs in ps7_cortexa9_0/libsrc/scutimer_v2_1/src"
make -C ps7_cortexa9_0/libsrc/scutimer_v2_1/src -s libs  "SHELL=CMD" "COMPILER=arm-none-eabi-gcc" "ARCHIVER=arm-none-eabi-ar" "COMPILER_FLAGS=  -O2 -c" "EXTRA_COMPILER_FLAGS=-mcpu=cortex-a9 -mfpu=vfpv3 -mfloat-abi=hard -nostartfiles -g -Wall -Wextra"
"Compiling scutimer"
"Running Make libs in ps7_cortexa9_0/libsrc/scuwdt_v2_1/src"
make -C ps7_cortexa9_0/libsrc/scuwdt_v2_1/src -s libs  "SHELL=CMD" "COMPILER=arm-none-eabi-gcc" "ARCHIVER=arm-none-eabi-ar" "COMPILER_FLAGS=  -O2 -c" "EXTRA_COMPILER_FLAGS=-mcpu=cortex-a9 -mfpu=vfpv3 -mfloat-abi=hard -nostartfiles -g -Wall -Wextra"
"Compiling scuwdt"
"Running Make libs in ps7_cortexa9_0/libsrc/seven_seg_v1_0/src"
make -C ps7_cortexa9_0/libsrc/seven_seg_v1_0/src -s libs  "SHELL=CMD" "COMPILER=arm-none-eabi-gcc" "ARCHIVER=arm-none-eabi-ar" "COMPILER_FLAGS=  -O2 -c" "EXTRA_COMPILER_FLAGS=-mcpu=cortex-a9 -mfpu=vfpv3 -mfloat-abi=hard -nostartfiles -g -Wall -Wextra"
"Compiling seven_seg..."
seven_seg_selftest.c: In function 'SEVEN_SEG_Reg_SelfTest':
seven_seg_selftest.c:52:58: warning: comparison of integer expressions of different signedness: 'u32' {aka 'long unsigned int'} and 'int' [-Wsign-compare]
    if ( SEVEN_SEG_mReadReg (baseaddr, read_loop_index*4) != (read_loop_index+1)*READ_WRITE_MUL_FACTOR){
                                                          ^~
seven_seg_selftest.c:36:6: warning: unused variable 'Index' [-Wunused-variable]
  int Index;
      ^~~~~
"Running Make libs in ps7_cortexa9_0/libsrc/standalone_v7_0/src"
make -C ps7_cortexa9_0/libsrc/standalone_v7_0/src -s libs  "SHELL=CMD" "COMPILER=arm-none-eabi-gcc" "ARCHIVER=arm-none-eabi-ar" "COMPILER_FLAGS=  -O2 -c" "EXTRA_COMPILER_FLAGS=-mcpu=cortex-a9 -mfpu=vfpv3 -mfloat-abi=hard -nostartfiles -g -Wall -Wextra"
"Compiling standalone"
In file included from usleep.c:56:
xtime_l.h:87:9: note: #pragma message: For the sleep routines, Global timer is being used
 #pragma message ("For the sleep routines, Global timer is being used")
         ^~~~~~~
In file included from sleep.c:53:
xtime_l.h:87:9: note: #pragma message: For the sleep routines, Global timer is being used
 #pragma message ("For the sleep routines, Global timer is being used")
         ^~~~~~~
In file included from xil_sleeptimer.c:51:
xtime_l.h:87:9: note: #pragma message: For the sleep routines, Global timer is being used
 #pragma message ("For the sleep routines, Global timer is being used")
         ^~~~~~~
In file included from xtime_l.c:49:
xtime_l.h:87:9: note: #pragma message: For the sleep routines, Global timer is being used
 #pragma message ("For the sleep routines, Global timer is being used")
         ^~~~~~~
"Running Make libs in ps7_cortexa9_0/libsrc/textlcd_v1_0/src"
make -C ps7_cortexa9_0/libsrc/textlcd_v1_0/src -s libs  "SHELL=CMD" "COMPILER=arm-none-eabi-gcc" "ARCHIVER=arm-none-eabi-ar" "COMPILER_FLAGS=  -O2 -c" "EXTRA_COMPILER_FLAGS=-mcpu=cortex-a9 -mfpu=vfpv3 -mfloat-abi=hard -nostartfiles -g -Wall -Wextra"
"Compiling textlcd..."
textlcd_selftest.c: In function 'TEXTLCD_Reg_SelfTest':
textlcd_selftest.c:52:56: warning: comparison of integer expressions of different signedness: 'u32' {aka 'long unsigned int'} and 'int' [-Wsign-compare]
    if ( TEXTLCD_mReadReg (baseaddr, read_loop_index*4) != (read_loop_index+1)*READ_WRITE_MUL_FACTOR){
                                                        ^~
textlcd_selftest.c:36:6: warning: unused variable 'Index' [-Wunused-variable]
  int Index;
      ^~~~~
"Running Make libs in ps7_cortexa9_0/libsrc/TFTLCD_NEW_v1_0/src"
make -C ps7_cortexa9_0/libsrc/TFTLCD_NEW_v1_0/src -s libs  "SHELL=CMD" "COMPILER=arm-none-eabi-gcc" "ARCHIVER=arm-none-eabi-ar" "COMPILER_FLAGS=  -O2 -c" "EXTRA_COMPILER_FLAGS=-mcpu=cortex-a9 -mfpu=vfpv3 -mfloat-abi=hard -nostartfiles -g -Wall -Wextra"
"Compiling TFTLCD_NEW..."
TFTLCD_NEW_selftest.c: In function 'TFTLCD_NEW_Reg_SelfTest':
TFTLCD_NEW_selftest.c:52:59: warning: comparison of integer expressions of different signedness: 'u32' {aka 'long unsigned int'} and 'int' [-Wsign-compare]
    if ( TFTLCD_NEW_mReadReg (baseaddr, read_loop_index*4) != (read_loop_index+1)*READ_WRITE_MUL_FACTOR){
                                                           ^~
TFTLCD_NEW_selftest.c:36:6: warning: unused variable 'Index' [-Wunused-variable]
  int Index;
      ^~~~~
"Running Make libs in ps7_cortexa9_0/libsrc/xadcps_v2_3/src"
make -C ps7_cortexa9_0/libsrc/xadcps_v2_3/src -s libs  "SHELL=CMD" "COMPILER=arm-none-eabi-gcc" "ARCHIVER=arm-none-eabi-ar" "COMPILER_FLAGS=  -O2 -c" "EXTRA_COMPILER_FLAGS=-mcpu=cortex-a9 -mfpu=vfpv3 -mfloat-abi=hard -nostartfiles -g -Wall -Wextra"
"Compiling xadcps"
'Finished building libraries'
17:58:51 **** Build of configuration Debug for project test ****
make pre-build main-build 
a9-linaro-pre-build-step
' '
'Building file: ../src/main.c'
'Invoking: ARM v7 gcc compiler'
arm-none-eabi-gcc -Wall -O0 -g3 -c -fmessage-length=0 -MT"src/main.o" -mcpu=cortex-a9 -mfpu=vfpv3 -mfloat-abi=hard -I../../test_bsp/ps7_cortexa9_0/include -MMD -MP -MF"src/main.d" -MT"src/main.o" -o "src/main.o" "../src/main.c"
'Finished building: ../src/main.c'
' '
'Building target: test.elf'
'Invoking: ARM v7 gcc linker'
arm-none-eabi-gcc -mcpu=cortex-a9 -mfpu=vfpv3 -mfloat-abi=hard -Wl,-build-id=none -specs=Xilinx.spec -Wl,-T -Wl,../src/lscript.ld -L../../test_bsp/ps7_cortexa9_0/lib -o "test.elf"  ./src/main.o   -Wl,--start-group,-lxil,-lgcc,-lc,--end-group
'Finished building target: test.elf'
' '
'Invoking: ARM v7 Print Size'
arm-none-eabi-size test.elf  |tee "test.elf.size"
   text	   data	    bss	    dec	    hex	filename
  33044	   2320	  23288	  58652	   e51c	test.elf
'Finished building: test.elf.size'
' '
17:58:52 **** Build of project tetris_bsp ****
make -k all 
"Running Make include in ps7_cortexa9_0/libsrc/coresightps_dcc_v1_5/src"
make -C ps7_cortexa9_0/libsrc/coresightps_dcc_v1_5/src -s include  "SHELL=CMD" "COMPILER=arm-none-eabi-gcc" "ARCHIVER=arm-none-eabi-ar" "COMPILER_FLAGS=  -O2 -c" "EXTRA_COMPILER_FLAGS=-mcpu=cortex-a9 -mfpu=vfpv3 -mfloat-abi=hard -nostartfiles -g -Wall -Wextra"
"Running Make include in ps7_cortexa9_0/libsrc/cpu_cortexa9_v2_7/src"
make -C ps7_cortexa9_0/libsrc/cpu_cortexa9_v2_7/src -s include  "SHELL=CMD" "COMPILER=arm-none-eabi-gcc" "ARCHIVER=arm-none-eabi-ar" "COMPILER_FLAGS=  -O2 -c" "EXTRA_COMPILER_FLAGS=-mcpu=cortex-a9 -mfpu=vfpv3 -mfloat-abi=hard -nostartfiles -g -Wall -Wextra"
"Running Make include in ps7_cortexa9_0/libsrc/devcfg_v3_5/src"
make -C ps7_cortexa9_0/libsrc/devcfg_v3_5/src -s include  "SHELL=CMD" "COMPILER=arm-none-eabi-gcc" "ARCHIVER=arm-none-eabi-ar" "COMPILER_FLAGS=  -O2 -c" "EXTRA_COMPILER_FLAGS=-mcpu=cortex-a9 -mfpu=vfpv3 -mfloat-abi=hard -nostartfiles -g -Wall -Wextra"
"Running Make include in ps7_cortexa9_0/libsrc/dmaps_v2_4/src"
make -C ps7_cortexa9_0/libsrc/dmaps_v2_4/src -s include  "SHELL=CMD" "COMPILER=arm-none-eabi-gcc" "ARCHIVER=arm-none-eabi-ar" "COMPILER_FLAGS=  -O2 -c" "EXTRA_COMPILER_FLAGS=-mcpu=cortex-a9 -mfpu=vfpv3 -mfloat-abi=hard -nostartfiles -g -Wall -Wextra"
"Running Make include in ps7_cortexa9_0/libsrc/pushbutton_v1_0/src"
make -C ps7_cortexa9_0/libsrc/pushbutton_v1_0/src -s include  "SHELL=CMD" "COMPILER=arm-none-eabi-gcc" "ARCHIVER=arm-none-eabi-ar" "COMPILER_FLAGS=  -O2 -c" "EXTRA_COMPILER_FLAGS=-mcpu=cortex-a9 -mfpu=vfpv3 -mfloat-abi=hard -nostartfiles -g -Wall -Wextra"
"Running Make include in ps7_cortexa9_0/libsrc/scugic_v4_0/src"
make -C ps7_cortexa9_0/libsrc/scugic_v4_0/src -s include  "SHELL=CMD" "COMPILER=arm-none-eabi-gcc" "ARCHIVER=arm-none-eabi-ar" "COMPILER_FLAGS=  -O2 -c" "EXTRA_COMPILER_FLAGS=-mcpu=cortex-a9 -mfpu=vfpv3 -mfloat-abi=hard -nostartfiles -g -Wall -Wextra"
"Running Make include in ps7_cortexa9_0/libsrc/scutimer_v2_1/src"
make -C ps7_cortexa9_0/libsrc/scutimer_v2_1/src -s include  "SHELL=CMD" "COMPILER=arm-none-eabi-gcc" "ARCHIVER=arm-none-eabi-ar" "COMPILER_FLAGS=  -O2 -c" "EXTRA_COMPILER_FLAGS=-mcpu=cortex-a9 -mfpu=vfpv3 -mfloat-abi=hard -nostartfiles -g -Wall -Wextra"
"Running Make include in ps7_cortexa9_0/libsrc/scuwdt_v2_1/src"
make -C ps7_cortexa9_0/libsrc/scuwdt_v2_1/src -s include  "SHELL=CMD" "COMPILER=arm-none-eabi-gcc" "ARCHIVER=arm-none-eabi-ar" "COMPILER_FLAGS=  -O2 -c" "EXTRA_COMPILER_FLAGS=-mcpu=cortex-a9 -mfpu=vfpv3 -mfloat-abi=hard -nostartfiles -g -Wall -Wextra"
"Running Make include in ps7_cortexa9_0/libsrc/seven_seg_v1_0/src"
make -C ps7_cortexa9_0/libsrc/seven_seg_v1_0/src -s include  "SHELL=CMD" "COMPILER=arm-none-eabi-gcc" "ARCHIVER=arm-none-eabi-ar" "COMPILER_FLAGS=  -O2 -c" "EXTRA_COMPILER_FLAGS=-mcpu=cortex-a9 -mfpu=vfpv3 -mfloat-abi=hard -nostartfiles -g -Wall -Wextra"
"Running Make include in ps7_cortexa9_0/libsrc/standalone_v7_0/src"
make -C ps7_cortexa9_0/libsrc/standalone_v7_0/src -s include  "SHELL=CMD" "COMPILER=arm-none-eabi-gcc" "ARCHIVER=arm-none-eabi-ar" "COMPILER_FLAGS=  -O2 -c" "EXTRA_COMPILER_FLAGS=-mcpu=cortex-a9 -mfpu=vfpv3 -mfloat-abi=hard -nostartfiles -g -Wall -Wextra"
"Running Make include in ps7_cortexa9_0/libsrc/textlcd_v1_0/src"
make -C ps7_cortexa9_0/libsrc/textlcd_v1_0/src -s include  "SHELL=CMD" "COMPILER=arm-none-eabi-gcc" "ARCHIVER=arm-none-eabi-ar" "COMPILER_FLAGS=  -O2 -c" "EXTRA_COMPILER_FLAGS=-mcpu=cortex-a9 -mfpu=vfpv3 -mfloat-abi=hard -nostartfiles -g -Wall -Wextra"
"Running Make include in ps7_cortexa9_0/libsrc/TFTLCD_NEW_v1_0/src"
make -C ps7_cortexa9_0/libsrc/TFTLCD_NEW_v1_0/src -s include  "SHELL=CMD" "COMPILER=arm-none-eabi-gcc" "ARCHIVER=arm-none-eabi-ar" "COMPILER_FLAGS=  -O2 -c" "EXTRA_COMPILER_FLAGS=-mcpu=cortex-a9 -mfpu=vfpv3 -mfloat-abi=hard -nostartfiles -g -Wall -Wextra"
"Running Make include in ps7_cortexa9_0/libsrc/xadcps_v2_3/src"
make -C ps7_cortexa9_0/libsrc/xadcps_v2_3/src -s include  "SHELL=CMD" "COMPILER=arm-none-eabi-gcc" "ARCHIVER=arm-none-eabi-ar" "COMPILER_FLAGS=  -O2 -c" "EXTRA_COMPILER_FLAGS=-mcpu=cortex-a9 -mfpu=vfpv3 -mfloat-abi=hard -nostartfiles -g -Wall -Wextra"
"Running Make libs in ps7_cortexa9_0/libsrc/coresightps_dcc_v1_5/src"
make -C ps7_cortexa9_0/libsrc/coresightps_dcc_v1_5/src -s libs  "SHELL=CMD" "COMPILER=arm-none-eabi-gcc" "ARCHIVER=arm-none-eabi-ar" "COMPILER_FLAGS=  -O2 -c" "EXTRA_COMPILER_FLAGS=-mcpu=cortex-a9 -mfpu=vfpv3 -mfloat-abi=hard -nostartfiles -g -Wall -Wextra"
"Compiling coresightps_dcc"
"Running Make libs in ps7_cortexa9_0/libsrc/cpu_cortexa9_v2_7/src"
make -C ps7_cortexa9_0/libsrc/cpu_cortexa9_v2_7/src -s libs  "SHELL=CMD" "COMPILER=arm-none-eabi-gcc" "ARCHIVER=arm-none-eabi-ar" "COMPILER_FLAGS=  -O2 -c" "EXTRA_COMPILER_FLAGS=-mcpu=cortex-a9 -mfpu=vfpv3 -mfloat-abi=hard -nostartfiles -g -Wall -Wextra"
"Compiling cpu_cortexa9"
"Running Make libs in ps7_cortexa9_0/libsrc/devcfg_v3_5/src"
make -C ps7_cortexa9_0/libsrc/devcfg_v3_5/src -s libs  "SHELL=CMD" "COMPILER=arm-none-eabi-gcc" "ARCHIVER=arm-none-eabi-ar" "COMPILER_FLAGS=  -O2 -c" "EXTRA_COMPILER_FLAGS=-mcpu=cortex-a9 -mfpu=vfpv3 -mfloat-abi=hard -nostartfiles -g -Wall -Wextra"
"Compiling devcfg"
"Running Make libs in ps7_cortexa9_0/libsrc/dmaps_v2_4/src"
make -C ps7_cortexa9_0/libsrc/dmaps_v2_4/src -s libs  "SHELL=CMD" "COMPILER=arm-none-eabi-gcc" "ARCHIVER=arm-none-eabi-ar" "COMPILER_FLAGS=  -O2 -c" "EXTRA_COMPILER_FLAGS=-mcpu=cortex-a9 -mfpu=vfpv3 -mfloat-abi=hard -nostartfiles -g -Wall -Wextra"
"Compiling dmaps"
"Running Make libs in ps7_cortexa9_0/libsrc/pushbutton_v1_0/src"
make -C ps7_cortexa9_0/libsrc/pushbutton_v1_0/src -s libs  "SHELL=CMD" "COMPILER=arm-none-eabi-gcc" "ARCHIVER=arm-none-eabi-ar" "COMPILER_FLAGS=  -O2 -c" "EXTRA_COMPILER_FLAGS=-mcpu=cortex-a9 -mfpu=vfpv3 -mfloat-abi=hard -nostartfiles -g -Wall -Wextra"
"Compiling pushbutton..."
pushbutton_selftest.c: In function 'PUSHBUTTON_Reg_SelfTest':
pushbutton_selftest.c:52:59: warning: comparison of integer expressions of different signedness: 'u32' {aka 'long unsigned int'} and 'int' [-Wsign-compare]
    if ( PUSHBUTTON_mReadReg (baseaddr, read_loop_index*4) != (read_loop_index+1)*READ_WRITE_MUL_FACTOR){
                                                           ^~
pushbutton_selftest.c:36:6: warning: unused variable 'Index' [-Wunused-variable]
  int Index;
      ^~~~~
"Running Make libs in ps7_cortexa9_0/libsrc/scugic_v4_0/src"
make -C ps7_cortexa9_0/libsrc/scugic_v4_0/src -s libs  "SHELL=CMD" "COMPILER=arm-none-eabi-gcc" "ARCHIVER=arm-none-eabi-ar" "COMPILER_FLAGS=  -O2 -c" "EXTRA_COMPILER_FLAGS=-mcpu=cortex-a9 -mfpu=vfpv3 -mfloat-abi=hard -nostartfiles -g -Wall -Wextra"
"Compiling scugic"
"Running Make libs in ps7_cortexa9_0/libsrc/scutimer_v2_1/src"
make -C ps7_cortexa9_0/libsrc/scutimer_v2_1/src -s libs  "SHELL=CMD" "COMPILER=arm-none-eabi-gcc" "ARCHIVER=arm-none-eabi-ar" "COMPILER_FLAGS=  -O2 -c" "EXTRA_COMPILER_FLAGS=-mcpu=cortex-a9 -mfpu=vfpv3 -mfloat-abi=hard -nostartfiles -g -Wall -Wextra"
"Compiling scutimer"
"Running Make libs in ps7_cortexa9_0/libsrc/scuwdt_v2_1/src"
make -C ps7_cortexa9_0/libsrc/scuwdt_v2_1/src -s libs  "SHELL=CMD" "COMPILER=arm-none-eabi-gcc" "ARCHIVER=arm-none-eabi-ar" "COMPILER_FLAGS=  -O2 -c" "EXTRA_COMPILER_FLAGS=-mcpu=cortex-a9 -mfpu=vfpv3 -mfloat-abi=hard -nostartfiles -g -Wall -Wextra"
"Compiling scuwdt"
"Running Make libs in ps7_cortexa9_0/libsrc/seven_seg_v1_0/src"
make -C ps7_cortexa9_0/libsrc/seven_seg_v1_0/src -s libs  "SHELL=CMD" "COMPILER=arm-none-eabi-gcc" "ARCHIVER=arm-none-eabi-ar" "COMPILER_FLAGS=  -O2 -c" "EXTRA_COMPILER_FLAGS=-mcpu=cortex-a9 -mfpu=vfpv3 -mfloat-abi=hard -nostartfiles -g -Wall -Wextra"
"Compiling seven_seg..."
seven_seg_selftest.c: In function 'SEVEN_SEG_Reg_SelfTest':
seven_seg_selftest.c:52:58: warning: comparison of integer expressions of different signedness: 'u32' {aka 'long unsigned int'} and 'int' [-Wsign-compare]
    if ( SEVEN_SEG_mReadReg (baseaddr, read_loop_index*4) != (read_loop_index+1)*READ_WRITE_MUL_FACTOR){
                                                          ^~
seven_seg_selftest.c:36:6: warning: unused variable 'Index' [-Wunused-variable]
  int Index;
      ^~~~~
"Running Make libs in ps7_cortexa9_0/libsrc/standalone_v7_0/src"
make -C ps7_cortexa9_0/libsrc/standalone_v7_0/src -s libs  "SHELL=CMD" "COMPILER=arm-none-eabi-gcc" "ARCHIVER=arm-none-eabi-ar" "COMPILER_FLAGS=  -O2 -c" "EXTRA_COMPILER_FLAGS=-mcpu=cortex-a9 -mfpu=vfpv3 -mfloat-abi=hard -nostartfiles -g -Wall -Wextra"
"Compiling standalone"
In file included from usleep.c:56:
xtime_l.h:87:9: note: #pragma message: For the sleep routines, Global timer is being used
 #pragma message ("For the sleep routines, Global timer is being used")
         ^~~~~~~
In file included from sleep.c:53:
xtime_l.h:87:9: note: #pragma message: For the sleep routines, Global timer is being used
 #pragma message ("For the sleep routines, Global timer is being used")
         ^~~~~~~
In file included from xil_sleeptimer.c:51:
xtime_l.h:87:9: note: #pragma message: For the sleep routines, Global timer is being used
 #pragma message ("For the sleep routines, Global timer is being used")
         ^~~~~~~
In file included from xtime_l.c:49:
xtime_l.h:87:9: note: #pragma message: For the sleep routines, Global timer is being used
 #pragma message ("For the sleep routines, Global timer is being used")
         ^~~~~~~
"Running Make libs in ps7_cortexa9_0/libsrc/textlcd_v1_0/src"
make -C ps7_cortexa9_0/libsrc/textlcd_v1_0/src -s libs  "SHELL=CMD" "COMPILER=arm-none-eabi-gcc" "ARCHIVER=arm-none-eabi-ar" "COMPILER_FLAGS=  -O2 -c" "EXTRA_COMPILER_FLAGS=-mcpu=cortex-a9 -mfpu=vfpv3 -mfloat-abi=hard -nostartfiles -g -Wall -Wextra"
"Compiling textlcd..."
textlcd_selftest.c: In function 'TEXTLCD_Reg_SelfTest':
textlcd_selftest.c:52:56: warning: comparison of integer expressions of different signedness: 'u32' {aka 'long unsigned int'} and 'int' [-Wsign-compare]
    if ( TEXTLCD_mReadReg (baseaddr, read_loop_index*4) != (read_loop_index+1)*READ_WRITE_MUL_FACTOR){
                                                        ^~
textlcd_selftest.c:36:6: warning: unused variable 'Index' [-Wunused-variable]
  int Index;
      ^~~~~
"Running Make libs in ps7_cortexa9_0/libsrc/TFTLCD_NEW_v1_0/src"
make -C ps7_cortexa9_0/libsrc/TFTLCD_NEW_v1_0/src -s libs  "SHELL=CMD" "COMPILER=arm-none-eabi-gcc" "ARCHIVER=arm-none-eabi-ar" "COMPILER_FLAGS=  -O2 -c" "EXTRA_COMPILER_FLAGS=-mcpu=cortex-a9 -mfpu=vfpv3 -mfloat-abi=hard -nostartfiles -g -Wall -Wextra"
"Compiling TFTLCD_NEW..."
TFTLCD_NEW_selftest.c: In function 'TFTLCD_NEW_Reg_SelfTest':
TFTLCD_NEW_selftest.c:52:59: warning: comparison of integer expressions of different signedness: 'u32' {aka 'long unsigned int'} and 'int' [-Wsign-compare]
    if ( TFTLCD_NEW_mReadReg (baseaddr, read_loop_index*4) != (read_loop_index+1)*READ_WRITE_MUL_FACTOR){
                                                           ^~
TFTLCD_NEW_selftest.c:36:6: warning: unused variable 'Index' [-Wunused-variable]
  int Index;
      ^~~~~
"Running Make libs in ps7_cortexa9_0/libsrc/xadcps_v2_3/src"
make -C ps7_cortexa9_0/libsrc/xadcps_v2_3/src -s libs  "SHELL=CMD" "COMPILER=arm-none-eabi-gcc" "ARCHIVER=arm-none-eabi-ar" "COMPILER_FLAGS=  -O2 -c" "EXTRA_COMPILER_FLAGS=-mcpu=cortex-a9 -mfpu=vfpv3 -mfloat-abi=hard -nostartfiles -g -Wall -Wextra"
"Compiling xadcps"
'Finished building libraries'
17:59:06 **** Build of configuration Debug for project tetris ****
make pre-build main-build 
a9-linaro-pre-build-step
' '
'Building file: ../src/tetris_sdk.c'
'Invoking: ARM v7 gcc compiler'
arm-none-eabi-gcc -Wall -O0 -g3 -c -fmessage-length=0 -MT"src/tetris_sdk.o" -mcpu=cortex-a9 -mfpu=vfpv3 -mfloat-abi=hard -I../../tetris_bsp/ps7_cortexa9_0/include -MMD -MP -MF"src/tetris_sdk.d" -MT"src/tetris_sdk.o" -o "src/tetris_sdk.o" "../src/tetris_sdk.c"
In file included from ../src/tetris_sdk.c:9:
../../tetris_bsp/ps7_cortexa9_0/include/xtime_l.h:87:9: note: #pragma message: For the sleep routines, Global timer is being used
 #pragma message ("For the sleep routines, Global timer is being used")
         ^~~~~~~
../src/tetris_sdk.c: In function 'setBlock':
../src/tetris_sdk.c:190:19: warning: passing argument 1 of 'XTime_GetTime' makes pointer from integer without a cast [-Wint-conversion]
     XTime_GetTime(seed);
                   ^~~~
In file included from ../src/tetris_sdk.c:9:
../../tetris_bsp/ps7_cortexa9_0/include/xtime_l.h:95:27: note: expected 'XTime *' {aka 'long long unsigned int *'} but argument is of type 'XTime' {aka 'long long unsigned int'}
 void XTime_GetTime(XTime *Xtime_Global);
                    ~~~~~~~^~~~~~~~~~~~
../src/tetris_sdk.c: In function 'checkLine':
../src/tetris_sdk.c:452:21: warning: unused variable 'count' [-Wunused-variable]
     int h, w, full, count =0;
                     ^~~~~
../src/tetris_sdk.c: In function 'mapMerger':
../src/tetris_sdk.c:478:11: warning: assignment to 'MData (*)[10]' {aka 'char (*)[10]'} from 'int' makes pointer from integer without a cast [-Wint-conversion]
    tftmap = map[h][w] | blockShape[curLoc->Y + h][curLoc->X + w];
           ^
../src/tetris_sdk.c: In function 'serialSender':
../src/tetris_sdk.c:506:19: warning: implicit declaration of function 'floor' [-Wimplicit-function-declaration]
  for(i = 0; i < ( floor(double)(MAP_SIZE_H * MAP_SIZE_W) / 32 ); i++){
                   ^~~~~
../src/tetris_sdk.c:506:19: warning: incompatible implicit declaration of built-in function 'floor'
../src/tetris_sdk.c:506:19: note: include '<math.h>' or provide a declaration of 'floor'
../src/tetris_sdk.c:17:1:
+#include <math.h>
 
../src/tetris_sdk.c:506:19:
  for(i = 0; i < ( floor(double)(MAP_SIZE_H * MAP_SIZE_W) / 32 ); i++){
                   ^~~~~
../src/tetris_sdk.c:506:25: error: expected expression before 'double'
  for(i = 0; i < ( floor(double)(MAP_SIZE_H * MAP_SIZE_W) / 32 ); i++){
                         ^~~~~~
../src/tetris_sdk.c: In function 'ServiceRoutine':
../src/tetris_sdk.c:639:18: warning: statement with no effect [-Wunused-value]
     mode_current == READY;
                  ^
../src/tetris_sdk.c: In function 'fixShape':
../src/tetris_sdk.c:353:1: warning: control reaches end of non-void function [-Wreturn-type]
 }
 ^
make: *** [src/subdir.mk:23: src/tetris_sdk.o] Error 1
18:00:53 **** Incremental Build of configuration Debug for project test ****
make pre-build main-build 
a9-linaro-pre-build-step
' '
make: Nothing to be done for 'main-build'.
18:00:53 **** Incremental Build of configuration Debug for project tetris ****
make pre-build main-build 
a9-linaro-pre-build-step
' '
'Building file: ../src/tetris_sdk.c'
'Invoking: ARM v7 gcc compiler'
arm-none-eabi-gcc -Wall -O0 -g3 -c -fmessage-length=0 -MT"src/tetris_sdk.o" -mcpu=cortex-a9 -mfpu=vfpv3 -mfloat-abi=hard -I../../tetris_bsp/ps7_cortexa9_0/include -MMD -MP -MF"src/tetris_sdk.d" -MT"src/tetris_sdk.o" -o "src/tetris_sdk.o" "../src/tetris_sdk.c"
In file included from ../src/tetris_sdk.c:9:
../../tetris_bsp/ps7_cortexa9_0/include/xtime_l.h:87:9: note: #pragma message: For the sleep routines, Global timer is being used
 #pragma message ("For the sleep routines, Global timer is being used")
         ^~~~~~~
../src/tetris_sdk.c: In function 'setBlock':
../src/tetris_sdk.c:190:19: warning: passing argument 1 of 'XTime_GetTime' makes pointer from integer without a cast [-Wint-conversion]
     XTime_GetTime(seed);
                   ^~~~
In file included from ../src/tetris_sdk.c:9:
../../tetris_bsp/ps7_cortexa9_0/include/xtime_l.h:95:27: note: expected 'XTime *' {aka 'long long unsigned int *'} but argument is of type 'XTime' {aka 'long long unsigned int'}
 void XTime_GetTime(XTime *Xtime_Global);
                    ~~~~~~~^~~~~~~~~~~~
../src/tetris_sdk.c: In function 'checkLine':
../src/tetris_sdk.c:452:21: warning: unused variable 'count' [-Wunused-variable]
     int h, w, full, count =0;
                     ^~~~~
../src/tetris_sdk.c: In function 'mapMerger':
../src/tetris_sdk.c:478:11: warning: assignment to 'MData (*)[10]' {aka 'char (*)[10]'} from 'int' makes pointer from integer without a cast [-Wint-conversion]
    tftmap = map[h][w] | blockShape[curLoc->Y + h][curLoc->X + w];
           ^
../src/tetris_sdk.c: In function 'serialSender':
../src/tetris_sdk.c:506:19: warning: implicit declaration of function 'floor' [-Wimplicit-function-declaration]
  for(i = 0; i < ( floor(double)(MAP_SIZE_H * MAP_SIZE_W) / 32 ); i++){
                   ^~~~~
../src/tetris_sdk.c:506:19: warning: incompatible implicit declaration of built-in function 'floor'
../src/tetris_sdk.c:506:19: note: include '<math.h>' or provide a declaration of 'floor'
../src/tetris_sdk.c:17:1:
+#include <math.h>
 
../src/tetris_sdk.c:506:19:
  for(i = 0; i < ( floor(double)(MAP_SIZE_H * MAP_SIZE_W) / 32 ); i++){
                   ^~~~~
../src/tetris_sdk.c:506:25: error: expected expression before 'double'
  for(i = 0; i < ( floor(double)(MAP_SIZE_H * MAP_SIZE_W) / 32 ); i++){
                         ^~~~~~
../src/tetris_sdk.c: In function 'ServiceRoutine':
../src/tetris_sdk.c:639:18: warning: statement with no effect [-Wunused-value]
     mode_current == READY;
                  ^
../src/tetris_sdk.c: In function 'fixShape':
../src/tetris_sdk.c:353:1: warning: control reaches end of non-void function [-Wreturn-type]
 }
 ^
make: *** [src/subdir.mk:23: src/tetris_sdk.o] Error 1
18:01:08 **** Auto Build of configuration Debug for project tetris ****
make pre-build main-build 
a9-linaro-pre-build-step
' '
'Building file: ../src/tetris_sdk.c'
'Invoking: ARM v7 gcc compiler'
arm-none-eabi-gcc -Wall -O0 -g3 -c -fmessage-length=0 -MT"src/tetris_sdk.o" -mcpu=cortex-a9 -mfpu=vfpv3 -mfloat-abi=hard -I../../tetris_bsp/ps7_cortexa9_0/include -MMD -MP -MF"src/tetris_sdk.d" -MT"src/tetris_sdk.o" -o "src/tetris_sdk.o" "../src/tetris_sdk.c"
In file included from ../src/tetris_sdk.c:9:
../../tetris_bsp/ps7_cortexa9_0/include/xtime_l.h:87:9: note: #pragma message: For the sleep routines, Global timer is being used
 #pragma message ("For the sleep routines, Global timer is being used")
         ^~~~~~~
[...]
          ^~~~~~~~~~~~~~~~~~~~~~~~~~~~~~~~~~~~~~~~
'Finished building: ../src/tetris_sdk.c'
' '
'Building target: tetris.elf'
'Invoking: ARM v7 gcc linker'
arm-none-eabi-gcc -mcpu=cortex-a9 -mfpu=vfpv3 -mfloat-abi=hard -Wl,-build-id=none -specs=Xilinx.spec -Wl,-T -Wl,../src/lscript.ld -L../../tetris_bsp/ps7_cortexa9_0/lib -o "tetris.elf"  ./src/tetris_sdk.o   -Wl,--start-group,-lxil,-lgcc,-lc,--end-group
'Finished building target: tetris.elf'
' '
'Invoking: ARM v7 Print Size'
arm-none-eabi-size tetris.elf  |tee "tetris.elf.size"
   text	   data	    bss	    dec	    hex	filename
  64048	   3360	  23744	  91152	  16410	tetris.elf
'Finished building: tetris.elf.size'
' '
15:57:34 **** Incremental Build of configuration Debug for project tetris ****
make pre-build main-build 
a9-linaro-pre-build-step
' '
make: Nothing to be done for 'main-build'.
16:10:52 **** Incremental Build of configuration Debug for project tetris ****
make pre-build main-build 
a9-linaro-pre-build-step
' '
'Building file: ../src/tetris_sdk.c'
'Invoking: ARM v7 gcc compiler'
arm-none-eabi-gcc -Wall -O0 -g3 -c -fmessage-length=0 -MT"src/tetris_sdk.o" -mcpu=cortex-a9 -mfpu=vfpv3 -mfloat-abi=hard -I../../tetris_bsp/ps7_cortexa9_0/include -MMD -MP -MF"src/tetris_sdk.d" -MT"src/tetris_sdk.o" -o "src/tetris_sdk.o" "../src/tetris_sdk.c"
In file included from ../src/tetris_sdk.c:8:
../../tetris_bsp/ps7_cortexa9_0/include/xtime_l.h:87:9: note: #pragma message: For the sleep routines, Global timer is being used
 #pragma message ("For the sleep routines, Global timer is being used")
         ^~~~~~~
../src/tetris_sdk.c: In function 'fixShape':
../src/tetris_sdk.c:385:1: warning: control reaches end of non-void function [-Wreturn-type]
 }
 ^
../src/tetris_sdk.c: In function 'Tlcd_best':
../src/tetris_sdk.c:614:48: warning: 'sprintf' writing a terminating nul past the end of the destination [-Wformat-overflow=]
     sprintf(Tlcd_downline,"Best score: %d%d%d%d",best_text[0],best_text[1],best_text[2],best_text[3]);
                                                ^
../src/tetris_sdk.c:614:5: note: 'sprintf' output between 17 and 57 bytes into a destination of size 16
     sprintf(Tlcd_downline,"Best score: %d%d%d%d",best_text[0],best_text[1],best_text[2],best_text[3]);
     ^~~~~~~~~~~~~~~~~~~~~~~~~~~~~~~~~~~~~~~~~~~~~~~~~~~~~~~~~~~~~~~~~~~~~~~~~~~~~~~~~~~~~~~~~~~~~~~~~
../src/tetris_sdk.c: In function 'Tlcd_md':
../src/tetris_sdk.c:633:48: warning: 'sprintf' writing a terminating nul past the end of the destination [-Wformat-overflow=]
          sprintf(Tlcd_upline, "    GAME OVER   ");
                                                ^
../src/tetris_sdk.c:633:10: note: 'sprintf' output 17 bytes into a destination of size 16
          sprintf(Tlcd_upline, "    GAME OVER   ");
          ^~~~~~~~~~~~~~~~~~~~~~~~~~~~~~~~~~~~~~~~
../src/tetris_sdk.c:630:48: warning: 'sprintf' writing a terminating nul past the end of the destination [-Wformat-overflow=]
          sprintf(Tlcd_upline, "     PLAYING    ");
                                                ^
../src/tetris_sdk.c:630:10: note: 'sprintf' output 17 bytes into a destination of size 16
          sprintf(Tlcd_upline, "     PLAYING    ");
          ^~~~~~~~~~~~~~~~~~~~~~~~~~~~~~~~~~~~~~~~
../src/tetris_sdk.c:627:48: warning: 'sprintf' writing a terminating nul past the end of the destination [-Wformat-overflow=]
          sprintf(Tlcd_upline, "      READY     ");
                                                ^
../src/tetris_sdk.c:627:10: note: 'sprintf' output 17 bytes into a destination of size 16
          sprintf(Tlcd_upline, "      READY     ");
          ^~~~~~~~~~~~~~~~~~~~~~~~~~~~~~~~~~~~~~~~
'Finished building: ../src/tetris_sdk.c'
' '
'Building target: tetris.elf'
'Invoking: ARM v7 gcc linker'
arm-none-eabi-gcc -mcpu=cortex-a9 -mfpu=vfpv3 -mfloat-abi=hard -Wl,-build-id=none -specs=Xilinx.spec -Wl,-T -Wl,../src/lscript.ld -L../../tetris_bsp/ps7_cortexa9_0/lib -o "tetris.elf"  ./src/tetris_sdk.o   -Wl,--start-group,-lxil,-lgcc,-lc,--end-group
'Finished building target: tetris.elf'
' '
'Invoking: ARM v7 Print Size'
arm-none-eabi-size tetris.elf  |tee "tetris.elf.size"
   text	   data	    bss	    dec	    hex	filename
  63984	   3360	  23744	  91088	  163d0	tetris.elf
'Finished building: tetris.elf.size'
' '
16:10:57 **** Incremental Build of configuration Debug for project tetris ****
make pre-build main-build 
a9-linaro-pre-build-step
' '
make: Nothing to be done for 'main-build'.
16:27:16 **** Incremental Build of configuration Debug for project tetris ****
make pre-build main-build 
a9-linaro-pre-build-step
' '
make: Nothing to be done for 'main-build'.
16:27:22 **** Incremental Build of configuration Debug for project tetris ****
make pre-build main-build 
a9-linaro-pre-build-step
' '
make: Nothing to be done for 'main-build'.
16:30:12 **** Incremental Build of configuration Debug for project tetris ****
make pre-build main-build 
a9-linaro-pre-build-step
' '
make: Nothing to be done for 'main-build'.
16:30:17 **** Incremental Build of configuration Debug for project tetris ****
make pre-build main-build 
a9-linaro-pre-build-step
' '
make: Nothing to be done for 'main-build'.
16:35:31 **** Incremental Build of configuration Debug for project tetris ****
make pre-build main-build 
a9-linaro-pre-build-step
' '
'Building file: ../src/tetris_sdk.c'
'Invoking: ARM v7 gcc compiler'
arm-none-eabi-gcc -Wall -O0 -g3 -c -fmessage-length=0 -MT"src/tetris_sdk.o" -mcpu=cortex-a9 -mfpu=vfpv3 -mfloat-abi=hard -I../../tetris_bsp/ps7_cortexa9_0/include -MMD -MP -MF"src/tetris_sdk.d" -MT"src/tetris_sdk.o" -o "src/tetris_sdk.o" "../src/tetris_sdk.c"
In file included from ../src/tetris_sdk.c:8:
../../tetris_bsp/ps7_cortexa9_0/include/xtime_l.h:87:9: note: #pragma message: For the sleep routines, Global timer is being used
 #pragma message ("For the sleep routines, Global timer is being used")
         ^~~~~~~
../src/tetris_sdk.c: In function 'fixShape':
../src/tetris_sdk.c:385:1: warning: control reaches end of non-void function [-Wreturn-type]
 }
 ^
../src/tetris_sdk.c: In function 'Tlcd_best':
../src/tetris_sdk.c:614:48: warning: 'sprintf' writing a terminating nul past the end of the destination [-Wformat-overflow=]
     sprintf(Tlcd_downline,"Best score: %d%d%d%d",best_text[0],best_text[1],best_text[2],best_text[3]);
                                                ^
../src/tetris_sdk.c:614:5: note: 'sprintf' output between 17 and 57 bytes into a destination of size 16
     sprintf(Tlcd_downline,"Best score: %d%d%d%d",best_text[0],best_text[1],best_text[2],best_text[3]);
     ^~~~~~~~~~~~~~~~~~~~~~~~~~~~~~~~~~~~~~~~~~~~~~~~~~~~~~~~~~~~~~~~~~~~~~~~~~~~~~~~~~~~~~~~~~~~~~~~~
../src/tetris_sdk.c: In function 'Tlcd_md':
../src/tetris_sdk.c:633:48: warning: 'sprintf' writing a terminating nul past the end of the destination [-Wformat-overflow=]
          sprintf(Tlcd_upline, "    GAME OVER   ");
                                                ^
../src/tetris_sdk.c:633:10: note: 'sprintf' output 17 bytes into a destination of size 16
          sprintf(Tlcd_upline, "    GAME OVER   ");
          ^~~~~~~~~~~~~~~~~~~~~~~~~~~~~~~~~~~~~~~~
../src/tetris_sdk.c:630:48: warning: 'sprintf' writing a terminating nul past the end of the destination [-Wformat-overflow=]
          sprintf(Tlcd_upline, "     PLAYING    ");
                                                ^
../src/tetris_sdk.c:630:10: note: 'sprintf' output 17 bytes into a destination of size 16
          sprintf(Tlcd_upline, "     PLAYING    ");
          ^~~~~~~~~~~~~~~~~~~~~~~~~~~~~~~~~~~~~~~~
../src/tetris_sdk.c:627:48: warning: 'sprintf' writing a terminating nul past the end of the destination [-Wformat-overflow=]
          sprintf(Tlcd_upline, "      READY     ");
                                                ^
../src/tetris_sdk.c:627:10: note: 'sprintf' output 17 bytes into a destination of size 16
          sprintf(Tlcd_upline, "      READY     ");
          ^~~~~~~~~~~~~~~~~~~~~~~~~~~~~~~~~~~~~~~~
'Finished building: ../src/tetris_sdk.c'
' '
'Building target: tetris.elf'
'Invoking: ARM v7 gcc linker'
arm-none-eabi-gcc -mcpu=cortex-a9 -mfpu=vfpv3 -mfloat-abi=hard -Wl,-build-id=none -specs=Xilinx.spec -Wl,-T -Wl,../src/lscript.ld -L../../tetris_bsp/ps7_cortexa9_0/lib -o "tetris.elf"  ./src/tetris_sdk.o   -Wl,--start-group,-lxil,-lgcc,-lc,--end-group
'Finished building target: tetris.elf'
' '
'Invoking: ARM v7 Print Size'
arm-none-eabi-size tetris.elf  |tee "tetris.elf.size"
   text	   data	    bss	    dec	    hex	filename
  64112	   3360	  23744	  91216	  16450	tetris.elf
'Finished building: tetris.elf.size'
' '
16:35:34 **** Incremental Build of configuration Debug for project tetris ****
make pre-build main-build 
a9-linaro-pre-build-step
' '
make: Nothing to be done for 'main-build'.
16:35:58 **** Incremental Build of configuration Debug for project tetris ****
make pre-build main-build 
a9-linaro-pre-build-step
' '
make: Nothing to be done for 'main-build'.
16:37:57 **** Auto Build of configuration Debug for project tetris ****
make pre-build main-build 
a9-linaro-pre-build-step
' '
'Building file: ../src/tetris_sdk.c'
'Invoking: ARM v7 gcc compiler'
arm-none-eabi-gcc -Wall -O0 -g3 -c -fmessage-length=0 -MT"src/tetris_sdk.o" -mcpu=cortex-a9 -mfpu=vfpv3 -mfloat-abi=hard -I../../tetris_bsp/ps7_cortexa9_0/include -MMD -MP -MF"src/tetris_sdk.d" -MT"src/tetris_sdk.o" -o "src/tetris_sdk.o" "../src/tetris_sdk.c"
In file included from ../src/tetris_sdk.c:8:
../../tetris_bsp/ps7_cortexa9_0/include/xtime_l.h:87:9: note: #pragma message: For the sleep routines, Global timer is being used
 #pragma message ("For the sleep routines, Global timer is being used")
         ^~~~~~~
../src/tetris_sdk.c: In function 'fixShape':
../src/tetris_sdk.c:385:1: warning: control reaches end of non-void function [-Wreturn-type]
 }
 ^
../src/tetris_sdk.c: In function 'Tlcd_best':
../src/tetris_sdk.c:614:48: warning: 'sprintf' writing a terminating nul past the end of the destination [-Wformat-overflow=]
     sprintf(Tlcd_downline,"Best score: %d%d%d%d",best_text[0],best_text[1],best_text[2],best_text[3]);
                                                ^
../src/tetris_sdk.c:614:5: note: 'sprintf' output between 17 and 57 bytes into a destination of size 16
     sprintf(Tlcd_downline,"Best score: %d%d%d%d",best_text[0],best_text[1],best_text[2],best_text[3]);
     ^~~~~~~~~~~~~~~~~~~~~~~~~~~~~~~~~~~~~~~~~~~~~~~~~~~~~~~~~~~~~~~~~~~~~~~~~~~~~~~~~~~~~~~~~~~~~~~~~
../src/tetris_sdk.c: In function 'Tlcd_md':
../src/tetris_sdk.c:633:48: warning: 'sprintf' writing a terminating nul past the end of the destination [-Wformat-overflow=]
          sprintf(Tlcd_upline, "    GAME OVER   ");
                                                ^
../src/tetris_sdk.c:633:10: note: 'sprintf' output 17 bytes into a destination of size 16
          sprintf(Tlcd_upline, "    GAME OVER   ");
          ^~~~~~~~~~~~~~~~~~~~~~~~~~~~~~~~~~~~~~~~
../src/tetris_sdk.c:630:48: warning: 'sprintf' writing a terminating nul past the end of the destination [-Wformat-overflow=]
          sprintf(Tlcd_upline, "     PLAYING    ");
                                                ^
../src/tetris_sdk.c:630:10: note: 'sprintf' output 17 bytes into a destination of size 16
          sprintf(Tlcd_upline, "     PLAYING    ");
          ^~~~~~~~~~~~~~~~~~~~~~~~~~~~~~~~~~~~~~~~
../src/tetris_sdk.c:627:48: warning: 'sprintf' writing a terminating nul past the end of the destination [-Wformat-overflow=]
          sprintf(Tlcd_upline, "      READY     ");
                                                ^
../src/tetris_sdk.c:627:10: note: 'sprintf' output 17 bytes into a destination of size 16
          sprintf(Tlcd_upline, "      READY     ");
          ^~~~~~~~~~~~~~~~~~~~~~~~~~~~~~~~~~~~~~~~
'Finished building: ../src/tetris_sdk.c'
' '
'Building target: tetris.elf'
'Invoking: ARM v7 gcc linker'
arm-none-eabi-gcc -mcpu=cortex-a9 -mfpu=vfpv3 -mfloat-abi=hard -Wl,-build-id=none -specs=Xilinx.spec -Wl,-T -Wl,../src/lscript.ld -L../../tetris_bsp/ps7_cortexa9_0/lib -o "tetris.elf"  ./src/tetris_sdk.o   -Wl,--start-group,-lxil,-lgcc,-lc,--end-group
'Finished building target: tetris.elf'
' '
'Invoking: ARM v7 Print Size'
arm-none-eabi-size tetris.elf  |tee "tetris.elf.size"
   text	   data	    bss	    dec	    hex	filename
  63984	   3360	  23744	  91088	  163d0	tetris.elf
'Finished building: tetris.elf.size'
' '
16:38:02 **** Incremental Build of configuration Debug for project tetris ****
make pre-build main-build 
a9-linaro-pre-build-step
' '
make: Nothing to be done for 'main-build'.
16:38:06 **** Incremental Build of configuration Debug for project tetris ****
make pre-build main-build 
a9-linaro-pre-build-step
' '
make: Nothing to be done for 'main-build'.
16:49:13 **** Auto Build of configuration Debug for project tetris ****
make pre-build main-build 
a9-linaro-pre-build-step
' '
'Building file: ../src/tetris_sdk.c'
'Invoking: ARM v7 gcc compiler'
arm-none-eabi-gcc -Wall -O0 -g3 -c -fmessage-length=0 -MT"src/tetris_sdk.o" -mcpu=cortex-a9 -mfpu=vfpv3 -mfloat-abi=hard -I../../tetris_bsp/ps7_cortexa9_0/include -MMD -MP -MF"src/tetris_sdk.d" -MT"src/tetris_sdk.o" -o "src/tetris_sdk.o" "../src/tetris_sdk.c"
In file included from ../src/tetris_sdk.c:8:
../../tetris_bsp/ps7_cortexa9_0/include/xtime_l.h:87:9: note: #pragma message: For the sleep routines, Global timer is being used
 #pragma message ("For the sleep routines, Global timer is being used")
         ^~~~~~~
../src/tetris_sdk.c: In function 'fixShape':
../src/tetris_sdk.c:383:1: warning: control reaches end of non-void function [-Wreturn-type]
 }
 ^
../src/tetris_sdk.c: In function 'Tlcd_best':
../src/tetris_sdk.c:612:48: warning: 'sprintf' writing a terminating nul past the end of the destination [-Wformat-overflow=]
     sprintf(Tlcd_downline,"Best score: %d%d%d%d",best_text[0],best_text[1],best_text[2],best_text[3]);
                                                ^
../src/tetris_sdk.c:612:5: note: 'sprintf' output between 17 and 57 bytes into a destination of size 16
     sprintf(Tlcd_downline,"Best score: %d%d%d%d",best_text[0],best_text[1],best_text[2],best_text[3]);
     ^~~~~~~~~~~~~~~~~~~~~~~~~~~~~~~~~~~~~~~~~~~~~~~~~~~~~~~~~~~~~~~~~~~~~~~~~~~~~~~~~~~~~~~~~~~~~~~~~
../src/tetris_sdk.c: In function 'Tlcd_md':
../src/tetris_sdk.c:631:48: warning: 'sprintf' writing a terminating nul past the end of the destination [-Wformat-overflow=]
          sprintf(Tlcd_upline, "    GAME OVER   ");
                                                ^
../src/tetris_sdk.c:631:10: note: 'sprintf' output 17 bytes into a destination of size 16
          sprintf(Tlcd_upline, "    GAME OVER   ");
          ^~~~~~~~~~~~~~~~~~~~~~~~~~~~~~~~~~~~~~~~
../src/tetris_sdk.c:628:48: warning: 'sprintf' writing a terminating nul past the end of the destination [-Wformat-overflow=]
          sprintf(Tlcd_upline, "     PLAYING    ");
                                                ^
../src/tetris_sdk.c:628:10: note: 'sprintf' output 17 bytes into a destination of size 16
          sprintf(Tlcd_upline, "     PLAYING    ");
          ^~~~~~~~~~~~~~~~~~~~~~~~~~~~~~~~~~~~~~~~
../src/tetris_sdk.c:625:48: warning: 'sprintf' writing a terminating nul past the end of the destination [-Wformat-overflow=]
          sprintf(Tlcd_upline, "      READY     ");
                                                ^
../src/tetris_sdk.c:625:10: note: 'sprintf' output 17 bytes into a destination of size 16
          sprintf(Tlcd_upline, "      READY     ");
          ^~~~~~~~~~~~~~~~~~~~~~~~~~~~~~~~~~~~~~~~
'Finished building: ../src/tetris_sdk.c'
' '
'Building target: tetris.elf'
'Invoking: ARM v7 gcc linker'
arm-none-eabi-gcc -mcpu=cortex-a9 -mfpu=vfpv3 -mfloat-abi=hard -Wl,-build-id=none -specs=Xilinx.spec -Wl,-T -Wl,../src/lscript.ld -L../../tetris_bsp/ps7_cortexa9_0/lib -o "tetris.elf"  ./src/tetris_sdk.o   -Wl,--start-group,-lxil,-lgcc,-lc,--end-group
'Finished building target: tetris.elf'
' '
'Invoking: ARM v7 Print Size'
arm-none-eabi-size tetris.elf  |tee "tetris.elf.size"
   text	   data	    bss	    dec	    hex	filename
  63984	   3360	  23744	  91088	  163d0	tetris.elf
'Finished building: tetris.elf.size'
' '
16:58:09 **** Auto Build of configuration Debug for project tetris ****
make pre-build main-build 
a9-linaro-pre-build-step
' '
'Building file: ../src/tetris_sdk.c'
'Invoking: ARM v7 gcc compiler'
arm-none-eabi-gcc -Wall -O0 -g3 -c -fmessage-length=0 -MT"src/tetris_sdk.o" -mcpu=cortex-a9 -mfpu=vfpv3 -mfloat-abi=hard -I../../tetris_bsp/ps7_cortexa9_0/include -MMD -MP -MF"src/tetris_sdk.d" -MT"src/tetris_sdk.o" -o "src/tetris_sdk.o" "../src/tetris_sdk.c"
In file included from ../src/tetris_sdk.c:8:
../../tetris_bsp/ps7_cortexa9_0/include/xtime_l.h:87:9: note: #pragma message: For the sleep routines, Global timer is being used
 #pragma message ("For the sleep routines, Global timer is being used")
         ^~~~~~~
../src/tetris_sdk.c: In function 'fixShape':
../src/tetris_sdk.c:383:1: warning: control reaches end of non-void function [-Wreturn-type]
 }
 ^
../src/tetris_sdk.c: In function 'Tlcd_best':
../src/tetris_sdk.c:612:48: warning: 'sprintf' writing a terminating nul past the end of the destination [-Wformat-overflow=]
     sprintf(Tlcd_downline,"Best score: %d%d%d%d",best_text[0],best_text[1],best_text[2],best_text[3]);
                                                ^
../src/tetris_sdk.c:612:5: note: 'sprintf' output between 17 and 57 bytes into a destination of size 16
     sprintf(Tlcd_downline,"Best score: %d%d%d%d",best_text[0],best_text[1],best_text[2],best_text[3]);
     ^~~~~~~~~~~~~~~~~~~~~~~~~~~~~~~~~~~~~~~~~~~~~~~~~~~~~~~~~~~~~~~~~~~~~~~~~~~~~~~~~~~~~~~~~~~~~~~~~
../src/tetris_sdk.c: In function 'Tlcd_md':
../src/tetris_sdk.c:631:48: warning: 'sprintf' writing a terminating nul past the end of the destination [-Wformat-overflow=]
          sprintf(Tlcd_upline, "    GAME OVER   ");
                                                ^
../src/tetris_sdk.c:631:10: note: 'sprintf' output 17 bytes into a destination of size 16
          sprintf(Tlcd_upline, "    GAME OVER   ");
          ^~~~~~~~~~~~~~~~~~~~~~~~~~~~~~~~~~~~~~~~
../src/tetris_sdk.c:628:48: warning: 'sprintf' writing a terminating nul past the end of the destination [-Wformat-overflow=]
          sprintf(Tlcd_upline, "     PLAYING    ");
                                                ^
../src/tetris_sdk.c:628:10: note: 'sprintf' output 17 bytes into a destination of size 16
          sprintf(Tlcd_upline, "     PLAYING    ");
          ^~~~~~~~~~~~~~~~~~~~~~~~~~~~~~~~~~~~~~~~
../src/tetris_sdk.c:625:48: warning: 'sprintf' writing a terminating nul past the end of the destination [-Wformat-overflow=]
          sprintf(Tlcd_upline, "      READY     ");
                                                ^
../src/tetris_sdk.c:625:10: note: 'sprintf' output 17 bytes into a destination of size 16
          sprintf(Tlcd_upline, "      READY     ");
          ^~~~~~~~~~~~~~~~~~~~~~~~~~~~~~~~~~~~~~~~
'Finished building: ../src/tetris_sdk.c'
' '
'Building target: tetris.elf'
'Invoking: ARM v7 gcc linker'
arm-none-eabi-gcc -mcpu=cortex-a9 -mfpu=vfpv3 -mfloat-abi=hard -Wl,-build-id=none -specs=Xilinx.spec -Wl,-T -Wl,../src/lscript.ld -L../../tetris_bsp/ps7_cortexa9_0/lib -o "tetris.elf"  ./src/tetris_sdk.o   -Wl,--start-group,-lxil,-lgcc,-lc,--end-group
'Finished building target: tetris.elf'
' '
'Invoking: ARM v7 Print Size'
arm-none-eabi-size tetris.elf  |tee "tetris.elf.size"
   text	   data	    bss	    dec	    hex	filename
  63984	   3360	  23744	  91088	  163d0	tetris.elf
'Finished building: tetris.elf.size'
' '
16:58:11 **** Incremental Build of configuration Debug for project tetris ****
make pre-build main-build 
a9-linaro-pre-build-step
' '
make: Nothing to be done for 'main-build'.
16:58:15 **** Incremental Build of configuration Debug for project tetris ****
make pre-build main-build 
a9-linaro-pre-build-step
' '
make: Nothing to be done for 'main-build'.
